Component: ARM Compiler 5.05 update 1 (build 106) Tool: armlink [4d0efa]

==============================================================================

Section Cross References

    main.o(i.main) refers to main.o(i._ZN6DeviceC1Ev) for Device::Device()
    main.o(i.main) refers to device.o(i._Z5Delayj) for Delay(unsigned)
    main.o(i.main) refers to main.o(i._ZN6Device3runEv) for Device::run()
    main.o(i.main) refers to main.o(.data) for __device
    main.o(.ARM.exidx) refers to main.o(i.main) for i.main
    main.o(.data) refers to main.o(.conststring) for .conststring
    device.o(i._Z11clockAdjustP6DeviceR4TimeR6CursorILc95ELa8EE) refers to main.o(t._ZN6KeypadI12GPIO_TypeDefE7testKeyEc) for Keypad<GPIO_TypeDef>::testKey(char)
    device.o(i._Z11clockAdjustP6DeviceR4TimeR6CursorILc95ELa8EE) refers to device.o(i._Z13incrementTimeR4Timeh) for incrementTime(Time&, unsigned char)
    device.o(i._Z11timer3_tickPv) refers to device.o(i._ZN5Relay4tickEv) for Relay::tick()
    device.o(i._Z11timer3_tickPv) refers to clock.o(i._Z11icreaseTimeR4Time) for icreaseTime(Time&)
    device.o(i._Z13incrementTimeR4Timeh) refers to device.o(i.__ARM_common_switch8) for __ARM_common_switch8
    device.o(i._Z14getAdjustmentsi) refers to aeabi_sdiv.o(.text) for __aeabi_idivmod
    device.o(i._Z14getAdjustmentsi) refers to dtostr.o(i._Z4itoaPcii) for itoa(char*, int, int)
    device.o(i._Z14getAdjustmentsi) refers to strlen.o(.text) for strlen
    device.o(i._Z14getAdjustmentsi) refers to dtostr.o(i._Z4utoaPcji) for utoa(char*, unsigned, int)
    device.o(i._Z14getAdjustmentsi) refers to device.o(.bss) for getAdjustments(int)::buf
    device.o(i._Z14menuAdjHandlerPvi) refers to device.o(t._ZN7MessageILi9EEclEPc) for Message<(int)9>::operator ()(char*)
    device.o(i._Z15menuAdjKHandlerPvi) refers to device.o(t._ZN7MessageILi9EEclEPc) for Message<(int)9>::operator ()(char*)
    device.o(i._Z15menuAdjKHandlerPvi) refers to main.o(t._ZN6KeypadI12GPIO_TypeDefE7testKeyEc) for Keypad<GPIO_TypeDef>::testKey(char)
    device.o(i._Z15menuAdjKHandlerPvi) refers to f2d.o(.text) for __aeabi_f2d
    device.o(i._Z15menuAdjKHandlerPvi) refers to daddsub.o(.text) for __aeabi_dadd
    device.o(i._Z15menuAdjKHandlerPvi) refers to d2f.o(.text) for __aeabi_d2f
    device.o(i._Z15menuAdjKHandlerPvi) refers to device.o(i._ZN5Relay14setAdjustmentKEf) for Relay::setAdjustmentK(float)
    device.o(i._Z15menuAdjKHandlerPvi) refers to fmul.o(x$fpl$fmul) for __aeabi_fmul
    device.o(i._Z15menuAdjKHandlerPvi) refers to ffixi.o(.text) for __aeabi_f2iz
    device.o(i._Z15menuAdjKHandlerPvi) refers to device.o(i._Z14getAdjustmentsi) for getAdjustments(int)
    device.o(i._Z15menuExitHandlerPvi) refers to main.o(t._ZN6KeypadI12GPIO_TypeDefE7testKeyEc) for Keypad<GPIO_TypeDef>::testKey(char)
    device.o(i._Z15menuExitHandlerPvi) refers to device.o(t._ZN7MessageILi9EEclEPc) for Message<(int)9>::operator ()(char*)
    device.o(i._Z15menuExitHandlerPvi) refers to device.o(.data) for menuExitHandler(void*, int)::sw
    device.o(i._Z16getTempInCelsiumi) refers to aeabi_sdiv.o(.text) for __aeabi_idivmod
    device.o(i._Z16getTempInCelsiumi) refers to dtostr.o(i._Z4itoaPcii) for itoa(char*, int, int)
    device.o(i._Z16getTempInCelsiumi) refers to strlen.o(.text) for strlen
    device.o(i._Z16getTempInCelsiumi) refers to dtostr.o(i._Z4utoaPcji) for utoa(char*, unsigned, int)
    device.o(i._Z16getTempInCelsiumi) refers to device.o(.bss) for getTempInCelsium(int)::buf
    device.o(i._Z18menuSetupOnHandlerPvi) refers to cxa_guard_acquire.o(i.__cxa_guard_acquire) for __cxa_guard_acquire
    device.o(i._Z18menuSetupOnHandlerPvi) refers to device.o(t._ZN6CursorILc95ELa8EEC1Ev) for Cursor<(char)95, (signed char)8>::Cursor()
    device.o(i._Z18menuSetupOnHandlerPvi) refers to device.o(t._ZN7MessageILi9EEclEPc) for Message<(int)9>::operator ()(char*)
    device.o(i._Z18menuSetupOnHandlerPvi) refers to device.o(i.__ARM_common_switch8) for __ARM_common_switch8
    device.o(i._Z18menuSetupOnHandlerPvi) refers to clock.o(i._Z14clockConverterPcPKcR4Time) for clockConverter(char*, const char*, Time&)
    device.o(i._Z18menuSetupOnHandlerPvi) refers to device.o(i._Z11clockAdjustP6DeviceR4TimeR6CursorILc95ELa8EE) for clockAdjust(Device*, Time&, Cursor<(char)95, (signed char)8>&)
    device.o(i._Z18menuSetupOnHandlerPvi) refers to rt_memcpy.o(.text) for __aeabi_memcpy
    device.o(i._Z18menuSetupOnHandlerPvi) refers to device.o(t._ZN6CursorILc95ELa8EE6updateEPc) for Cursor<(char)95, (signed char)8>::update(char*)
    device.o(i._Z18menuSetupOnHandlerPvi) refers to device.o(i._ZN5Relay10getOnValueEv) for Relay::getOnValue()
    device.o(i._Z18menuSetupOnHandlerPvi) refers to device.o(i._Z16getTempInCelsiumi) for getTempInCelsium(int)
    device.o(i._Z18menuSetupOnHandlerPvi) refers to main.o(t._ZN6KeypadI12GPIO_TypeDefE7testKeyEc) for Keypad<GPIO_TypeDef>::testKey(char)
    device.o(i._Z18menuSetupOnHandlerPvi) refers to fflti.o(.text) for __aeabi_i2f
[...]
    x$fpl$usenofp                            0x08003d04   Section        0  usenofp.o(x$fpl$usenofp)
    message_0                                0x08003d04   Data           7  relay.o(.constdata)
    message_1                                0x08003d0b   Data           9  relay.o(.constdata)
    message_2                                0x08003d14   Data           9  relay.o(.constdata)
    message_3                                0x08003d1d   Data           8  relay.o(.constdata)
    message_4                                0x08003d25   Data           8  relay.o(.constdata)
    message_5                                0x08003d2d   Data           5  relay.o(.constdata)
    message_6                                0x08003d32   Data           6  relay.o(.constdata)
    relay_stat_mess_0                        0x08003d38   Data           9  relay.o(.constdata)
    relay_stat_mess_1                        0x08003d41   Data           9  relay.o(.constdata)
    relay_onoff_mess_0                       0x08003d4a   Data           9  relay.o(.constdata)
    relay_onoff_mess_1                       0x08003d53   Data           8  relay.o(.constdata)
    preset0NameMsg                           0x08003d5b   Data           8  relay.o(.constdata)
    preset1NameMsg                           0x08003d63   Data           8  relay.o(.constdata)
    preset2NameMsg                           0x08003d6b   Data           8  relay.o(.constdata)
    preset3NameMsg                           0x08003d73   Data           8  relay.o(.constdata)
    preset4NameMsg                           0x08003d7b   Data           8  relay.o(.constdata)
    preset5NameMsg                           0x08003d83   Data           8  relay.o(.constdata)
    preset6NameMsg                           0x08003d8b   Data           8  relay.o(.constdata)
    .constdata                               0x08003d93   Section       64  fdiv.o(.constdata)
    fdiv_tab                                 0x08003d93   Data          64  fdiv.o(.constdata)
    .constdata__ZTV24DefaultArrayListBaseNodeI8MenuLeafE 0x08003dd4   Section       12  main.o(.constdata__ZTV24DefaultArrayListBaseNodeI8MenuLeafE)
    .constdata__ZTV3LCD                      0x08003de0   Section       32  device.o(.constdata__ZTV3LCD)
    .constdata__ZTV5Relay                    0x08003e00   Section       20  device.o(.constdata__ZTV5Relay)
    .constdata__ZTV7MessageILi9EE            0x08003e14   Section       12  device.o(.constdata__ZTV7MessageILi9EE)
    .constdata__ZTV8MenuLeaf                 0x08003e20   Section       12  main.o(.constdata__ZTV8MenuLeaf)
    .constdata__ZZN12LcdInterface11fillVisibleEvEs 0x08003e2c   Section        9  main.o(.constdata__ZZN12LcdInterface11fillVisibleEvEs)
    .constdata__ZZN12LcdInterface8fillLineEhEs 0x08003e35   Section        9  device.o(.constdata__ZZN12LcdInterface8fillLineEhEs)
    .constdata__ZZN12LcdInterfaceclEP3LCDhEs 0x08003e3e   Section        1  main.o(.constdata__ZZN12LcdInterfaceclEP3LCDhEs)
    .constdata__ZZN5Relay11getActivityEvEs   0x08003e3f   Section        9  device.o(.constdata__ZZN5Relay11getActivityEvEs)
    .constdata__ZZN5Relay11getActivityEvEs_0 0x08003e48   Section        7  device.o(.constdata__ZZN5Relay11getActivityEvEs_0)
    .constdata__ZZN5Relay11getActivityEvEs_1 0x08003e4f   Section        7  device.o(.constdata__ZZN5Relay11getActivityEvEs_1)
    .constdata__ZZN5Relay11getActivityEvEs_2 0x08003e56   Section        6  device.o(.constdata__ZZN5Relay11getActivityEvEs_2)
    .constdata__ZZN5Relay17getInvertedStatusEvEs 0x08003e5c   Section        7  device.o(.constdata__ZZN5Relay17getInvertedStatusEvEs)
    .constdata__ZZN5Relay17getInvertedStatusEvEs_0 0x08003e63   Section        9  device.o(.constdata__ZZN5Relay17getInvertedStatusEvEs_0)
    .constdata__ZZN6DeviceC1EvEs             0x08003e6c   Section        4  main.o(.constdata__ZZN6DeviceC1EvEs)
    .constdata__ZZN6DeviceC1EvEs_0           0x08003e70   Section        8  main.o(.constdata__ZZN6DeviceC1EvEs_0)
    .constdata__ZZN6DeviceC1EvEs_1           0x08003e78   Section        9  main.o(.constdata__ZZN6DeviceC1EvEs_1)
    .constdata__ZZN6DeviceC1EvEs_2           0x08003e81   Section        9  main.o(.constdata__ZZN6DeviceC1EvEs_2)
    .conststring                             0x08003e8c   Section        8  main.o(.conststring)
    .init_array                              0x08003eb4   Section        4  relay.o(.init_array)
    .init_array                              0x08003eb8   Section        0  init_aeabi.o(.init_array)
    .data                                    0x20000000   Section       12  main.o(.data)
    lcd_controller_name                      0x20000000   Data           4  main.o(.data)
    .data                                    0x2000000c   Section       52  device.o(.data)
    lcd_controller_name                      0x2000000c   Data           4  device.o(.data)
    _ZGV_ZZ19menuSetupOffHandlerPviE6cursor  0x20000014   Data           4  device.o(.data)
    menuSetupOffHandler(void*, int)::__analog 0x20000018   Data           4  device.o(.data)
    menuSetupOffHandler(void*, int)::pressCount 0x2000001c   Data           4  device.o(.data)
    menuSetupOffHandler(void*, int)::cursor  0x20000020   Data           2  device.o(.data)
    _ZGV_ZZ18menuSetupOnHandlerPviE6cursor   0x20000024   Data           4  device.o(.data)
    menuSetupOnHandler(void*, int)::cursor   0x20000028   Data           2  device.o(.data)
    menuSetupOnHandler(void*, int)::__analog 0x2000002c   Data           4  device.o(.data)
    menuSetupOnHandler(void*, int)::pressCount 0x20000030   Data           4  device.o(.data)
    _ZGV_ZZ21menuSetupClockHandlerPviE6cursor 0x20000034   Data           4  device.o(.data)
    menuSetupClockHandler(void*, int)::cursor 0x20000038   Data           2  device.o(.data)
    menuExitHandler(void*, int)::sw          0x2000003a   Data           1  device.o(.data)
    menuSaveExitHandler(void*, int)::sw      0x2000003b   Data           1  device.o(.data)
    _ZGV_ZZ29menuSwitchDefaultRelayPresetsPviE10movingLine 0x2000003c   Data           4  device.o(.data)
    .data                                    0x20000040   Section      296  relay.o(.data)
    .data                                    0x20000168   Section       20  system_stm32f0xx_1.o(.data)
    .data__ZZN6Device12getLocalTimeEvE5local 0x2000017c   Section       10  device.o(.data__ZZN6Device12getLocalTimeEvE5local)
    Device::getLocalTime()::local            0x2000017c   Number         0  device.o(.data__ZZN6Device12getLocalTimeEvE5local)
    .data__ZZN6DeviceC1EvE10menuAdjRet       0x20000188   Section        4  main.o(.data__ZZN6DeviceC1EvE10menuAdjRet)
    Device::Device()::menuAdjRet             0x20000188   Number         0  main.o(.data__ZZN6DeviceC1EvE10menuAdjRet)
    .data__ZZN6DeviceC1EvE10setupClock       0x2000018c   Section        4  main.o(.data__ZZN6DeviceC1EvE10setupClock)
    Device::Device()::setupClock             0x2000018c   Number         0  main.o(.data__ZZN6DeviceC1EvE10setupClock)
    .data__ZZN6DeviceC1EvE10setupOvBot       0x20000190   Section        4  main.o(.data__ZZN6DeviceC1EvE10setupOvBot)
    Device::Device()::setupOvBot             0x20000190   Number         0  main.o(.data__ZZN6DeviceC1EvE10setupOvBot)
    .data__ZZN6DeviceC1EvE10setupOvRet       0x20000194   Section        4  main.o(.data__ZZN6DeviceC1EvE10setupOvRet)
    Device::Device()::setupOvRet             0x20000194   Number         0  main.o(.data__ZZN6DeviceC1EvE10setupOvRet)
    .data__ZZN6DeviceC1EvE10setupOvTop       0x20000198   Section        4  main.o(.data__ZZN6DeviceC1EvE10setupOvTop)
    Device::Device()::setupOvTop             0x20000198   Number         0  main.o(.data__ZZN6DeviceC1EvE10setupOvTop)
    .data__ZZN6DeviceC1EvE13menuAdjOffset    0x2000019c   Section        4  main.o(.data__ZZN6DeviceC1EvE13menuAdjOffset)
    Device::Device()::menuAdjOffset          0x2000019c   Number         0  main.o(.data__ZZN6DeviceC1EvE13menuAdjOffset)
    .data__ZZN6DeviceC1EvE13setupOffOnRet    0x200001a0   Section        4  main.o(.data__ZZN6DeviceC1EvE13setupOffOnRet)
    Device::Device()::setupOffOnRet          0x200001a0   Number         0  main.o(.data__ZZN6DeviceC1EvE13setupOffOnRet)
    .data__ZZN6DeviceC1EvE16menuInvertOutput 0x200001a4   Section        4  main.o(.data__ZZN6DeviceC1EvE16menuInvertOutput)
    Device::Device()::menuInvertOutput       0x200001a4   Number         0  main.o(.data__ZZN6DeviceC1EvE16menuInvertOutput)
    .data__ZZN6DeviceC1EvE17mainPresetChooser 0x200001a8   Section        4  main.o(.data__ZZN6DeviceC1EvE17mainPresetChooser)
    Device::Device()::mainPresetChooser      0x200001a8   Number         0  main.o(.data__ZZN6DeviceC1EvE17mainPresetChooser)
    .data__ZZN6DeviceC1EvE3kpd               0x200001ac   Section        4  main.o(.data__ZZN6DeviceC1EvE3kpd)
    Device::Device()::kpd                    0x200001ac   Number         0  main.o(.data__ZZN6DeviceC1EvE3kpd)
    .data__ZZN6DeviceC1EvE4head              0x200001b0   Section        4  main.o(.data__ZZN6DeviceC1EvE4head)
    Device::Device()::head                   0x200001b0   Number         0  main.o(.data__ZZN6DeviceC1EvE4head)
    .data__ZZN6DeviceC1EvE5main0             0x200001b4   Section        4  main.o(.data__ZZN6DeviceC1EvE5main0)
    Device::Device()::main0                  0x200001b4   Number         0  main.o(.data__ZZN6DeviceC1EvE5main0)
    .data__ZZN6DeviceC1EvE5main1             0x200001b8   Section        4  main.o(.data__ZZN6DeviceC1EvE5main1)
    Device::Device()::main1                  0x200001b8   Number         0  main.o(.data__ZZN6DeviceC1EvE5main1)
    .data__ZZN6DeviceC1EvE5main2             0x200001bc   Section        4  main.o(.data__ZZN6DeviceC1EvE5main2)
    Device::Device()::main2                  0x200001bc   Number         0  main.o(.data__ZZN6DeviceC1EvE5main2)
    .data__ZZN6DeviceC1EvE5main3             0x200001c0   Section        4  main.o(.data__ZZN6DeviceC1EvE5main3)
    Device::Device()::main3                  0x200001c0   Number         0  main.o(.data__ZZN6DeviceC1EvE5main3)
    .data__ZZN6DeviceC1EvE5main4             0x200001c4   Section        4  main.o(.data__ZZN6DeviceC1EvE5main4)
    Device::Device()::main4                  0x200001c4   Number         0  main.o(.data__ZZN6DeviceC1EvE5main4)
    .data__ZZN6DeviceC1EvE5relay             0x200001c8   Section       12  main.o(.data__ZZN6DeviceC1EvE5relay)
    Device::Device()::relay                  0x200001c8   Number         0  main.o(.data__ZZN6DeviceC1EvE5relay)
    .data__ZZN6DeviceC1EvE7buttonC           0x200001d4   Section       12  main.o(.data__ZZN6DeviceC1EvE7buttonC)
    Device::Device()::buttonC                0x200001d4   Number         0  main.o(.data__ZZN6DeviceC1EvE7buttonC)
    .data__ZZN6DeviceC1EvE7buttonL           0x200001e0   Section       12  main.o(.data__ZZN6DeviceC1EvE7buttonL)
    Device::Device()::buttonL                0x200001e0   Number         0  main.o(.data__ZZN6DeviceC1EvE7buttonL)
    .data__ZZN6DeviceC1EvE7buttonR           0x200001ec   Section       12  main.o(.data__ZZN6DeviceC1EvE7buttonR)
    Device::Device()::buttonR                0x200001ec   Number         0  main.o(.data__ZZN6DeviceC1EvE7buttonR)
    .data__ZZN6DeviceC1EvE7buttons           0x200001f8   Section       12  main.o(.data__ZZN6DeviceC1EvE7buttons)
    .data__ZZN6DeviceC1EvE7menuAdj           0x20000204   Section        4  main.o(.data__ZZN6DeviceC1EvE7menuAdj)
    Device::Device()::menuAdj                0x20000204   Number         0  main.o(.data__ZZN6DeviceC1EvE7menuAdj)
    .data__ZZN6DeviceC1EvE7setupOn           0x20000208   Section        4  main.o(.data__ZZN6DeviceC1EvE7setupOn)
    Device::Device()::setupOn                0x20000208   Number         0  main.o(.data__ZZN6DeviceC1EvE7setupOn)
    .data__ZZN6DeviceC1EvE8menuAdjK          0x2000020c   Section        4  main.o(.data__ZZN6DeviceC1EvE8menuAdjK)
    Device::Device()::menuAdjK               0x2000020c   Number         0  main.o(.data__ZZN6DeviceC1EvE8menuAdjK)
    .data__ZZN6DeviceC1EvE8setupOff          0x20000210   Section        4  main.o(.data__ZZN6DeviceC1EvE8setupOff)
    Device::Device()::setupOff               0x20000210   Number         0  main.o(.data__ZZN6DeviceC1EvE8setupOff)
    .bss                                     0x20000214   Section      112  device.o(.bss)
    getTempInCelsium(int)::buf               0x20000214   Data          12  device.o(.bss)
    getAdjustments(int)::buf                 0x20000220   Data          12  device.o(.bss)
    menuSetupOffHandler(void*, int)::mem     0x2000022c   Data          12  device.o(.bss)
    menuSetupOnHandler(void*, int)::mem      0x20000238   Data          12  device.o(.bss)
    menuSetupClockHandler(void*, int)::mem   0x20000244   Data          12  device.o(.bss)
    menuSwitchDefaultRelayPresets(void*, int)::movingLine 0x20000250   Data          52  device.o(.bss)
    .bss                                     0x20000284   Section      128  relay.o(.bss)
    .bss                                     0x20000304   Section       96  libspace.o(.bss)
    .bss__ZZN5Relay11getActivityEvE11modeMessage 0x20000364   Section       16  device.o(.bss__ZZN5Relay11getActivityEvE11modeMessage)
    .bss__ZZN6DeviceC1EvE10menuAdjRet        0x20000374   Section       32  main.o(.bss__ZZN6DeviceC1EvE10menuAdjRet)
    .bss__ZZN6DeviceC1EvE10setupClock        0x20000394   Section       32  main.o(.bss__ZZN6DeviceC1EvE10setupClock)
    .bss__ZZN6DeviceC1EvE10setupOvBot        0x200003b4   Section       32  main.o(.bss__ZZN6DeviceC1EvE10setupOvBot)
    .bss__ZZN6DeviceC1EvE10setupOvRet        0x200003d4   Section       32  main.o(.bss__ZZN6DeviceC1EvE10setupOvRet)
    .bss__ZZN6DeviceC1EvE10setupOvTop        0x200003f4   Section       32  main.o(.bss__ZZN6DeviceC1EvE10setupOvTop)
    .bss__ZZN6DeviceC1EvE13menuAdjOffset     0x20000414   Section       32  main.o(.bss__ZZN6DeviceC1EvE13menuAdjOffset)
    .bss__ZZN6DeviceC1EvE13setupOffOnRet     0x20000434   Section       32  main.o(.bss__ZZN6DeviceC1EvE13setupOffOnRet)
    .bss__ZZN6DeviceC1EvE16menuInvertOutput  0x20000454   Section       32  main.o(.bss__ZZN6DeviceC1EvE16menuInvertOutput)
    .bss__ZZN6DeviceC1EvE17mainPresetChooser 0x20000474   Section       32  main.o(.bss__ZZN6DeviceC1EvE17mainPresetChooser)
    .bss__ZZN6DeviceC1EvE3kpd                0x20000494   Section       16  main.o(.bss__ZZN6DeviceC1EvE3kpd)
    .bss__ZZN6DeviceC1EvE4head               0x200004a4   Section       32  main.o(.bss__ZZN6DeviceC1EvE4head)
    .bss__ZZN6DeviceC1EvE5main0              0x200004c4   Section       32  main.o(.bss__ZZN6DeviceC1EvE5main0)
    .bss__ZZN6DeviceC1EvE5main1              0x200004e4   Section       32  main.o(.bss__ZZN6DeviceC1EvE5main1)
    .bss__ZZN6DeviceC1EvE5main2              0x20000504   Section       32  main.o(.bss__ZZN6DeviceC1EvE5main2)
    .bss__ZZN6DeviceC1EvE5main3              0x20000524   Section       32  main.o(.bss__ZZN6DeviceC1EvE5main3)
    .bss__ZZN6DeviceC1EvE5main4              0x20000544   Section       32  main.o(.bss__ZZN6DeviceC1EvE5main4)
    .bss__ZZN6DeviceC1EvE7menuAdj            0x20000564   Section       32  main.o(.bss__ZZN6DeviceC1EvE7menuAdj)
    .bss__ZZN6DeviceC1EvE7setupOn            0x20000584   Section       32  main.o(.bss__ZZN6DeviceC1EvE7setupOn)
    .bss__ZZN6DeviceC1EvE8menuAdjK           0x200005a4   Section       32  main.o(.bss__ZZN6DeviceC1EvE8menuAdjK)
    .bss__ZZN6DeviceC1EvE8setupOff           0x200005c4   Section       32  main.o(.bss__ZZN6DeviceC1EvE8setupOff)
    HEAP                                     0x200005e8   Section      512  startup_stm32f030.o(HEAP)
    Heap_Mem                                 0x200005e8   Data         512  startup_stm32f030.o(HEAP)
    STACK                                    0x200007e8   Section     1024  startup_stm32f030.o(STACK)
    Stack_Mem                                0x200007e8   Data        1024  startup_stm32f030.o(STACK)
    __initial_sp                             0x20000be8   Data           0  startup_stm32f030.o(STACK)

    Global Symbols

    Symbol Name                              Value     Ov Type        Size  Object(Section)

    BuildAttributes$$THM_ISAv3M$S$PE$A:L22$X:L11$S22$IEEE1$IW$USESV6$~STKCKD$USESV7$~SHL$OTIME$ROPI$EBA8$UX$STANDARDLIB$REQ8$PRES8$EABIv2 0x00000000   Number         0  anon$$obj.o ABSOLUTE
    __ARM_use_no_argv                        0x00000000   Number         0  main.o ABSOLUTE
    __ARM::default_unexpected_handler()       - Undefined Weak Reference
    __ARM_exceptions_buffer_required          - Undefined Weak Reference
    __ARM_exceptions_init                     - Undefined Weak Reference
    __alloca_initialize                       - Undefined Weak Reference
    __arm_preinit_                            - Undefined Weak Reference
    __cxa_finalize                            - Undefined Weak Reference
    __rt_locale                               - Undefined Weak Reference
    __sigvec_lookup                           - Undefined Weak Reference
    __user_heap_extent                        - Undefined Weak Reference
    _atexit_init                              - Undefined Weak Reference
    _call_atexit_fns                          - Undefined Weak Reference
    _clock_init                               - Undefined Weak Reference
    _fp_trap_init                             - Undefined Weak Reference
    _fp_trap_shutdown                         - Undefined Weak Reference
    _get_lc_collate                           - Undefined Weak Reference
    _get_lc_ctype                             - Undefined Weak Reference
    _get_lc_monetary                          - Undefined Weak Reference
    _get_lc_numeric                           - Undefined Weak Reference
    _get_lc_time                              - Undefined Weak Reference
    _getenv_init                              - Undefined Weak Reference
    _handle_redirection                       - Undefined Weak Reference
    _initio                                   - Undefined Weak Reference
    _mutex_acquire                            - Undefined Weak Reference
    _mutex_free                               - Undefined Weak Reference
    _mutex_release                            - Undefined Weak Reference
    _rand_init                                - Undefined Weak Reference
    _signal_finish                            - Undefined Weak Reference
    _signal_init                              - Undefined Weak Reference
    _terminateio                              - Undefined Weak Reference
    __Vectors_Size                           0x000000b4   Number         0  startup_stm32f030.o ABSOLUTE
    __Vectors                                0x08000000   Data           4  startup_stm32f030.o(RESET)
    __Vectors_End                            0x080000b4   Data           0  startup_stm32f030.o(RESET)
    __main                                   0x080000b5   Thumb Code     8  __main.o(!!!main)
    __scatterload                            0x080000bd   Thumb Code     0  __scatter.o(!!!scatter)
    __scatterload_rt2                        0x080000bd   Thumb Code    52  __scatter.o(!!!scatter)
    __scatterload_rt2_thumb_only             0x080000bd   Thumb Code     0  __scatter.o(!!!scatter)
    __scatterload_null                       0x080000cd   Thumb Code     0  __scatter.o(!!!scatter)
    __scatterload_zeroinit                   0x080000f9   Thumb Code    28  __scatter_zi.o(!!handler_zi)
    __rt_lib_init                            0x08000115   Thumb Code     0  libinit.o(.ARM.Collect$$libinit$$00000000)
    __rt_lib_init_alloca_1                   0x08000117   Thumb Code     0  libinit2.o(.ARM.Collect$$libinit$$0000002E)
    __rt_lib_init_argv_1                     0x08000117   Thumb Code     0  libinit2.o(.ARM.Collect$$libinit$$0000002C)
    __rt_lib_init_atexit_1                   0x08000117   Thumb Code     0  libinit2.o(.ARM.Collect$$libinit$$0000001B)
    __rt_lib_init_clock_1                    0x08000117   Thumb Code     0  libinit2.o(.ARM.Collect$$libinit$$00000021)
    __rt_lib_init_cpp_2                      0x08000117   Thumb Code     0  libinit2.o(.ARM.Collect$$libinit$$00000031)
    __rt_lib_init_exceptions_1               0x08000117   Thumb Code     0  libinit2.o(.ARM.Collect$$libinit$$00000030)
    __rt_lib_init_fp_1                       0x08000117   Thumb Code     0  libinit2.o(.ARM.Collect$$libinit$$00000002)
    __rt_lib_init_fp_trap_1                  0x08000117   Thumb Code     0  libinit2.o(.ARM.Collect$$libinit$$0000001F)
    __rt_lib_init_getenv_1                   0x08000117   Thumb Code     0  libinit2.o(.ARM.Collect$$libinit$$00000023)
    __rt_lib_init_heap_1                     0x08000117   Thumb Code     0  libinit2.o(.ARM.Collect$$libinit$$0000000A)
    __rt_lib_init_lc_collate_1               0x08000117   Thumb Code     0  libinit2.o(.ARM.Collect$$libinit$$00000011)
    __rt_lib_init_lc_ctype_1                 0x08000117   Thumb Code     0  libinit2.o(.ARM.Collect$$libinit$$00000013)
    __rt_lib_init_lc_monetary_1              0x08000117   Thumb Code     0  libinit2.o(.ARM.Collect$$libinit$$00000015)
    __rt_lib_init_lc_numeric_1               0x08000117   Thumb Code     0  libinit2.o(.ARM.Collect$$libinit$$00000017)
    __rt_lib_init_lc_time_1                  0x08000117   Thumb Code     0  libinit2.o(.ARM.Collect$$libinit$$00000019)
    __rt_lib_init_preinit_1                  0x08000117   Thumb Code     0  libinit2.o(.ARM.Collect$$libinit$$00000004)
    __rt_lib_init_rand_1                     0x08000117   Thumb Code     0  libinit2.o(.ARM.Collect$$libinit$$0000000E)
    __rt_lib_init_signal_1                   0x08000117   Thumb Code     0  libinit2.o(.ARM.Collect$$libinit$$0000001D)
    __rt_lib_init_stdio_1                    0x08000117   Thumb Code     0  libinit2.o(.ARM.Collect$$libinit$$00000025)
    __rt_lib_init_user_alloc_1               0x08000117   Thumb Code     0  libinit2.o(.ARM.Collect$$libinit$$0000000C)
    __rt_lib_init_cpp_1                      0x0800011b   Thumb Code     0  libinit2.o(.ARM.Collect$$libinit$$00000032)
    __rt_lib_init_return                     0x0800011b   Thumb Code     0  libinit2.o(.ARM.Collect$$libinit$$00000033)
    __rt_lib_shutdown                        0x0800011d   Thumb Code     0  libshutdown.o(.ARM.Collect$$libshutdown$$00000000)
    __rt_lib_shutdown_fp_trap_1              0x0800011f   Thumb Code     0  libshutdown2.o(.ARM.Collect$$libshutdown$$00000006)
    __rt_lib_shutdown_heap_1                 0x0800011f   Thumb Code     0  libshutdown2.o(.ARM.Collect$$libshutdown$$0000000E)
    __rt_lib_shutdown_return                 0x0800011f   Thumb Code     0  libshutdown2.o(.ARM.Collect$$libshutdown$$0000000F)
    __rt_lib_shutdown_signal_1               0x0800011f   Thumb Code     0  libshutdown2.o(.ARM.Collect$$libshutdown$$00000009)
    __rt_lib_shutdown_stdio_1                0x0800011f   Thumb Code     0  libshutdown2.o(.ARM.Collect$$libshutdown$$00000003)
    __rt_lib_shutdown_user_alloc_1           0x0800011f   Thumb Code     0  libshutdown2.o(.ARM.Collect$$libshutdown$$0000000B)
    __rt_entry                               0x08000121   Thumb Code     0  __rtentry.o(.ARM.Collect$$rtentry$$00000000)
    __rt_entry_presh_1                       0x08000121   Thumb Code     0  __rtentry2.o(.ARM.Collect$$rtentry$$00000002)
    __rt_entry_sh                            0x08000121   Thumb Code     0  __rtentry4.o(.ARM.Collect$$rtentry$$00000004)
    __rt_entry_li                            0x08000127   Thumb Code     0  __rtentry2.o(.ARM.Collect$$rtentry$$0000000A)
    __rt_entry_postsh_1                      0x08000127   Thumb Code     0  __rtentry2.o(.ARM.Collect$$rtentry$$00000009)
    __rt_entry_main                          0x0800012b   Thumb Code     0  __rtentry2.o(.ARM.Collect$$rtentry$$0000000D)
    __rt_entry_postli_1                      0x0800012b   Thumb Code     0  __rtentry2.o(.ARM.Collect$$rtentry$$0000000C)
    __rt_exit                                0x08000133   Thumb Code     0  rtexit.o(.ARM.Collect$$rtexit$$00000000)
    __rt_exit_ls                             0x08000135   Thumb Code     0  rtexit2.o(.ARM.Collect$$rtexit$$00000003)
    __rt_exit_prels_1                        0x08000135   Thumb Code     0  rtexit2.o(.ARM.Collect$$rtexit$$00000002)
    __rt_exit_exit                           0x08000139   Thumb Code     0  rtexit2.o(.ARM.Collect$$rtexit$$00000004)
    __aeabi_memcpy4                          0x08000141   Thumb Code    56  rt_memcpy.o(.emb_text)
    __aeabi_memcpy8                          0x08000141   Thumb Code     0  rt_memcpy.o(.emb_text)
    Reset_Handler                            0x08000179   Thumb Code    38  startup_stm32f030.o(.text)
    ADC1_IRQHandler                          0x080001a9   Thumb Code     0  startup_stm32f030.o(.text)
    DMA1_Channel1_IRQHandler                 0x080001a9   Thumb Code     0  startup_stm32f030.o(.text)
    DMA1_Channel2_3_IRQHandler               0x080001a9   Thumb Code     0  startup_stm32f030.o(.text)
    DMA1_Channel4_5_IRQHandler               0x080001a9   Thumb Code     0  startup_stm32f030.o(.text)
    EXTI0_1_IRQHandler                       0x080001a9   Thumb Code     0  startup_stm32f030.o(.text)
    EXTI2_3_IRQHandler                       0x080001a9   Thumb Code     0  startup_stm32f030.o(.text)
    EXTI4_15_IRQHandler                      0x080001a9   Thumb Code     0  startup_stm32f030.o(.text)
    FLASH_IRQHandler                         0x080001a9   Thumb Code     0  startup_stm32f030.o(.text)
    I2C1_IRQHandler                          0x080001a9   Thumb Code     0  startup_stm32f030.o(.text)
    I2C2_IRQHandler                          0x080001a9   Thumb Code     0  startup_stm32f030.o(.text)
    RCC_IRQHandler                           0x080001a9   Thumb Code     0  startup_stm32f030.o(.text)
    RTC_IRQHandler                           0x080001a9   Thumb Code     0  startup_stm32f030.o(.text)
    SPI1_IRQHandler                          0x080001a9   Thumb Code     0  startup_stm32f030.o(.text)
    SPI2_IRQHandler                          0x080001a9   Thumb Code     0  startup_stm32f030.o(.text)
    TIM14_IRQHandler                         0x080001a9   Thumb Code     0  startup_stm32f030.o(.text)
    TIM15_IRQHandler                         0x080001a9   Thumb Code     0  startup_stm32f030.o(.text)
    TIM16_IRQHandler                         0x080001a9   Thumb Code     0  startup_stm32f030.o(.text)
    TIM17_IRQHandler                         0x080001a9   Thumb Code     0  startup_stm32f030.o(.text)
    TIM1_BRK_UP_TRG_COM_IRQHandler           0x080001a9   Thumb Code     0  startup_stm32f030.o(.text)
    TIM1_CC_IRQHandler                       0x080001a9   Thumb Code     0  startup_stm32f030.o(.text)
    USART1_IRQHandler                        0x080001a9   Thumb Code     0  startup_stm32f030.o(.text)
    USART2_IRQHandler                        0x080001a9   Thumb Code     0  startup_stm32f030.o(.text)
    WWDG_IRQHandler                          0x080001a9   Thumb Code     0  startup_stm32f030.o(.text)
    __user_initial_stackheap                 0x080001ad   Thumb Code     0  startup_stm32f030.o(.text)
    strlen                                   0x080001ed   Thumb Code    62  strlen.o(.text)
    __aeabi_memcpy                           0x08000231   Thumb Code   130  rt_memcpy.o(.text)
    __rt_memcpy                              0x08000231   Thumb Code     0  rt_memcpy.o(.text)
    __aeabi_memset                           0x080002b3   Thumb Code    18  aeabi_memset.o(.text)
    _memset_w                                0x080002c5   Thumb Code    26  rt_memclr.o(.text)
    _memset                                  0x080002df   Thumb Code    30  rt_memclr.o(.text)
    __aeabi_memclr                           0x080002fd   Thumb Code     4  rt_memclr.o(.text)
    __rt_memclr                              0x080002fd   Thumb Code     0  rt_memclr.o(.text)
    __aeabi_memclr4                          0x08000301   Thumb Code     0  rt_memclr.o(.text)
    __aeabi_memclr8                          0x08000301   Thumb Code     0  rt_memclr.o(.text)
    __rt_memclr_w                            0x08000301   Thumb Code     4  rt_memclr.o(.text)
    __aeabi_uidiv                            0x08000305   Thumb Code     0  aeabi_sdiv.o(.text)
    __aeabi_uidivmod                         0x08000305   Thumb Code    20  aeabi_sdiv.o(.text)
    __aeabi_idiv                             0x08000319   Thumb Code     0  aeabi_sdiv.o(.text)
    __aeabi_idivmod                          0x08000319   Thumb Code   326  aeabi_sdiv.o(.text)
    __use_two_region_memory                  0x0800045f   Thumb Code     2  heapauxi.o(.text)
    __rt_heap_escrow                         0x08000461   Thumb Code     2  heapauxi.o(.text)
    __rt_heap_expand                         0x08000463   Thumb Code     2  heapauxi.o(.text)
    __cpp_initialize__aeabi_                 0x08000465   Thumb Code    26  init_aeabi.o(.text)
    __aeabi_d2f                              0x08000489   Thumb Code     0  d2f.o(.text)
    _d2f                                     0x08000489   Thumb Code   120  d2f.o(.text)
    __aeabi_dadd                             0x080007fd   Thumb Code     0  daddsub.o(.text)
    _dadd                                    0x080007fd   Thumb Code    26  daddsub.o(.text)
    __aeabi_dsub                             0x08000817   Thumb Code     0  daddsub.o(.text)
    _dsub                                    0x08000817   Thumb Code    22  daddsub.o(.text)
    __aeabi_drsub                            0x0800082d   Thumb Code     0  daddsub.o(.text)
    _drsb                                    0x0800082d   Thumb Code    28  daddsub.o(.text)
    __aeabi_dmul                             0x0800085d   Thumb Code     0  dmul.o(.text)
    _dmul                                    0x0800085d   Thumb Code   558  dmul.o(.text)
    __aeabi_f2d                              0x08000aa5   Thumb Code     0  f2d.o(.text)
    _f2d                                     0x08000aa5   Thumb Code    80  f2d.o(.text)
    __aeabi_fdiv                             0x08000af9   Thumb Code     0  fdiv.o(.text)
    _fdiv                                    0x08000af9   Thumb Code   334  fdiv.o(.text)
    _frdiv                                   0x08000c47   Thumb Code     8  fdiv.o(.text)
    __aeabi_f2iz                             0x08000c59   Thumb Code     0  ffixi.o(.text)
    _ffix                                    0x08000c59   Thumb Code    76  ffixi.o(.text)
    __aeabi_i2f_normalise                    0x08000ca5   Thumb Code    72  fflti.o(.text)
    __aeabi_i2f                              0x08000ced   Thumb Code    16  fflti.o(.text)
    _fflt                                    0x08000ced   Thumb Code     0  fflti.o(.text)
    __aeabi_ui2f                             0x08000cfd   Thumb Code     6  fflti.o(.text)
    _ffltu                                   0x08000cfd   Thumb Code     0  fflti.o(.text)
    __fpl_fcmp_InfNaN                        0x08000d05   Thumb Code    96  fcmpin.o(.text)
    __fpl_cmpreturn                          0x08000d69   Thumb Code    44  cmpret.o(.text)
    __fpl_fcheck_NaN2                        0x08000d99   Thumb Code    10  fnan2.o(.text)
    __user_setup_stackheap                   0x08000da9   Thumb Code    62  sys_stackheap_outer.o(.text)
    exit                                     0x08000de7   Thumb Code    12  exit.o(.text)
    __fpl_return_NaN                         0x08000df3   Thumb Code    94  retnan.o(.text)
    _sys_exit                                0x08000e51   Thumb Code     8  sys_exit.o(.text)
    __user_libspace                          0x08000e5d   Thumb Code     8  libspace.o(.text)
    __user_perproc_libspace                  0x08000e5d   Thumb Code     0  libspace.o(.text)
    __user_perthread_libspace                0x08000e5d   Thumb Code     0  libspace.o(.text)
    __I$use$semihosting                      0x08000e65   Thumb Code     0  use_no_semi.o(.text)
    __use_no_semihosting_swi                 0x08000e65   Thumb Code     2  use_no_semi.o(.text)
    __decompress                             0x08000e67   Thumb Code     0  __dczerorl2.o(.text)
    __decompress1                            0x08000e67   Thumb Code    86  __dczerorl2.o(.text)
    __semihosting_library_function           0x08000e67   Thumb Code     0  indicate_semi.o(.text)
    ADC_ChannelConfig                        0x08000ebd   Thumb Code    24  stm32f0xx_adc.o(i.ADC_ChannelConfig)
    ADC_Cmd                                  0x08000ed5   Thumb Code    24  stm32f0xx_adc.o(i.ADC_Cmd)
    ADC_DeInit                               0x08000eed   Thumb Code    28  stm32f0xx_adc.o(i.ADC_DeInit)
    ADC_GetCalibrationFactor                 0x08000f0d   Thumb Code    60  stm32f0xx_adc.o(i.ADC_GetCalibrationFactor)
    ADC_GetConversionValue                   0x08000f49   Thumb Code     8  stm32f0xx_adc.o(i.ADC_GetConversionValue)
    ADC_GetFlagStatus                        0x08000f51   Thumb Code    48  stm32f0xx_adc.o(i.ADC_GetFlagStatus)
    ADC_Init                                 0x08000f81   Thumb Code    40  stm32f0xx_adc.o(i.ADC_Init)
    ADC_StartOfConversion                    0x08000fad   Thumb Code    10  stm32f0xx_adc.o(i.ADC_StartOfConversion)
    ADC_StructInit                           0x08000fb7   Thumb Code    16  stm32f0xx_adc.o(i.ADC_StructInit)
    GPIO_Init                                0x08000fc7   Thumb Code   144  stm32f0xx_gpio.o(i.GPIO_Init)
    HardFault_Handler                        0x08001057   Thumb Code     4  stm32f0xx_it.o(i.HardFault_Handler)
    NMI_Handler                              0x0800105b   Thumb Code     2  stm32f0xx_it.o(i.NMI_Handler)
    NVIC_Init                                0x0800105d   Thumb Code   106  stm32f0xx_syscfg.o(i.NVIC_Init)
    PendSV_Handler                           0x080010cd   Thumb Code     2  stm32f0xx_it.o(i.PendSV_Handler)
    RCC_AHBPeriphClockCmd                    0x080010d1   Thumb Code    28  stm32f0xx_rcc.o(i.RCC_AHBPeriphClockCmd)
    RCC_APB1PeriphClockCmd                   0x080010f1   Thumb Code    28  stm32f0xx_rcc.o(i.RCC_APB1PeriphClockCmd)
    RCC_APB2PeriphClockCmd                   0x08001111   Thumb Code    28  stm32f0xx_rcc.o(i.RCC_APB2PeriphClockCmd)
    RCC_APB2PeriphResetCmd                   0x08001131   Thumb Code    28  stm32f0xx_rcc.o(i.RCC_APB2PeriphResetCmd)
    SVC_Handler                              0x08001151   Thumb Code     2  stm32f0xx_it.o(i.SVC_Handler)
    SysTick_Handler                          0x08001153   Thumb Code     8  stm32f0xx_it.o(i.SysTick_Handler)
    SystemInit                               0x0800115d   Thumb Code   110  system_stm32f0xx_1.o(i.SystemInit)
    TIM3_IRQHandler                          0x080011d9   Thumb Code    20  stm32f0xx_it.o(i.TIM3_IRQHandler)
    TIM_ClearITPendingBit                    0x080011f5   Thumb Code     6  stm32f0xx_tim.o(i.TIM_ClearITPendingBit)
    TIM_Cmd                                  0x080011fd   Thumb Code    24  stm32f0xx_tim.o(i.TIM_Cmd)
    TIM_ITConfig                             0x08001219   Thumb Code    20  stm32f0xx_tim.o(i.TIM_ITConfig)
    TIM_OC4Init                              0x0800122d   Thumb Code    88  stm32f0xx_tim.o(i.TIM_OC4Init)
    TIM_OC4PreloadConfig                     0x0800129d   Thumb Code    20  stm32f0xx_tim.o(i.TIM_OC4PreloadConfig)
    TIM_PrescalerConfig                      0x080012b5   Thumb Code     6  stm32f0xx_tim.o(i.TIM_PrescalerConfig)
    TIM_TimeBaseInit                         0x080012bd   Thumb Code    90  stm32f0xx_tim.o(i.TIM_TimeBaseInit)
    clockAdjust(Device*, Time&, Cursor<(char)95, (signed char)8>&) 0x08001339   Thumb Code    80  device.o(i._Z11clockAdjustP6DeviceR4TimeR6CursorILc95ELa8EE)
    icreaseTime(Time&)                       0x08001389   Thumb Code   106  clock.o(i._Z11icreaseTimeR4Time)
    timer3_tick(void*)                       0x080013f3   Thumb Code    36  device.o(i._Z11timer3_tickPv)
    decreaseTime(Time&)                      0x08001417   Thumb Code   100  clock.o(i._Z12decreaseTimeR4Time)
    gpio_pin_set(GPIO_TypeDef*, unsigned, bool) 0x0800147b   Thumb Code    12  gpio_ex.o(i._Z12gpio_pin_setP12GPIO_TypeDefjb)
    gpio_pin_read(GPIO_TypeDef*, unsigned)   0x08001487   Thumb Code    18  gpio_ex.o(i._Z13gpio_pin_readP12GPIO_TypeDefj)
    incrementTime(Time&, unsigned char)      0x08001499   Thumb Code   160  device.o(i._Z13incrementTimeR4Timeh)
    clockConverter(char*, const char*, Time&) 0x08001539   Thumb Code   266  clock.o(i._Z14clockConverterPcPKcR4Time)
    getAdjustments(int)                      0x08001645   Thumb Code   122  device.o(i._Z14getAdjustmentsi)
    gpio_pin_reset(GPIO_TypeDef*, unsigned)  0x080016c5   Thumb Code     4  gpio_ex.o(i._Z14gpio_pin_resetP12GPIO_TypeDefj)
    menuAdjHandler(void*, int)               0x080016c9   Thumb Code    32  device.o(i._Z14menuAdjHandlerPvi)
    device_adc_init()                        0x080016fd   Thumb Code    90  init.o(i._Z15device_adc_initv)
    menuAdjKHandler(void*, int)              0x0800175d   Thumb Code   178  device.o(i._Z15menuAdjKHandlerPvi)
    menuExitHandler(void*, int)              0x08001825   Thumb Code   114  device.o(i._Z15menuExitHandlerPvi)
    device_gpio_init()                       0x080018ad   Thumb Code   230  init.o(i._Z16device_gpio_initv)
    getTempInCelsium(int)                    0x08001999   Thumb Code   120  device.o(i._Z16getTempInCelsiumi)
    device_timer_init()                      0x08001a15   Thumb Code   130  init.o(i._Z17device_timer_initv)
    menuSetupOnHandler(void*, int)           0x08001aa9   Thumb Code   442  device.o(i._Z18menuSetupOnHandlerPvi)
    device_enable_clock()                    0x08001ca1   Thumb Code    88  init.o(i._Z19device_enable_clockv)
    menuHeadPageHandler(void*, int)          0x08001d05   Thumb Code    40  device.o(i._Z19menuHeadPageHandlerPvi)
    menuSaveExitHandler(void*, int)          0x08001d39   Thumb Code   108  device.o(i._Z19menuSaveExitHandlerPvi)
    menuSetupOffHandler(void*, int)          0x08001db9   Thumb Code   438  device.o(i._Z19menuSetupOffHandlerPvi)
    menuAdjOffsetHandler(void*, int)         0x08001fad   Thumb Code   146  device.o(i._Z20menuAdjOffsetHandlerPvi)
    menuMainPage0Handler(void*, int)         0x08002051   Thumb Code    60  device.o(i._Z20menuMainPage0HandlerPvi)
    menuMainPage1Handler(void*, int)         0x08002099   Thumb Code    82  device.o(i._Z20menuMainPage1HandlerPvi)
    menuMainPage2Handler(void*, int)         0x080020f5   Thumb Code    62  device.o(i._Z20menuMainPage2HandlerPvi)
    menuMainPage3Handler(void*, int)         0x08002133   Thumb Code   114  device.o(i._Z20menuMainPage3HandlerPvi)
    menuMainPage4Handler(void*, int)         0x080021a5   Thumb Code    32  device.o(i._Z20menuMainPage4HandlerPvi)
    TimingDelay_Decrement()                  0x080021d9   Thumb Code    38  device.o(i._Z21TimingDelay_Decrementv)
    menuSetupClockHandler(void*, int)        0x08002205   Thumb Code   124  device.o(i._Z21menuSetupClockHandlerPvi)
    menuSetupOvTopHandler(void*, int)        0x080022a1   Thumb Code    80  device.o(i._Z21menuSetupOvTopHandlerPvi)
    menuSetupOvBottHandler(void*, int)       0x080022fd   Thumb Code    80  device.o(i._Z22menuSetupOvBottHandlerPvi)
    menuInvertOutputHandler(void*, int)      0x08002359   Thumb Code    92  device.o(i._Z23menuInvertOutputHandlerPvi)
    menuSwitchDefaultRelayPresets(void*, int) 0x080023c5   Thumb Code   322  device.o(i._Z29menuSwitchDefaultRelayPresetsPvi)
    itoa(char*, int, int)                    0x08002535   Thumb Code    74  dtostr.o(i._Z4itoaPcii)
    utoa(char*, unsigned, int)               0x0800257f   Thumb Code    50  dtostr.o(i._Z4utoaPcji)
    Delay(unsigned)                          0x080025b1   Thumb Code    20  device.o(i._Z5Delayj)
    gpio_init(GPIO_TypeDef*, unsigned, GPIOSpeed_TypeDef, GPIOMode_TypeDef, GPIOOType_TypeDef, GPIOPuPd_TypeDef) 0x080025c9   Thumb Code    40  gpio_ex.o(i._Z9gpio_initP12GPIO_TypeDefj17GPIOSpeed_TypeDef16GPIOMode_TypeDef17GPIOOType_TypeDef16GPIOPuPd_TypeDef)
    resetTime(Time&)                         0x080025f1   Thumb Code    12  clock.o(i._Z9resetTimeR4Time)
    LcdInterface::putChar(char)              0x080025fd   Thumb Code    20  device.o(i._ZN12LcdInterface7putCharEc)
    LCD::data_on_bus(unsigned char)          0x080026ad   Thumb Code    72  device.o(i._ZN3LCD11data_on_busEh)
    LCD::sendCommand(unsigned char)          0x080026f9   Thumb Code    94  main.o(i._ZN3LCD11sendCommandEh)
    LCD::command_next()                      0x08002757   Thumb Code    22  device.o(i._ZN3LCD12command_nextEv)
    LCD::init(const char*, unsigned char)    0x0800276d   Thumb Code   180  main.o(i._ZN3LCD4initEPKch)
    LCD::strobe()                            0x08002821   Thumb Code    58  device.o(i._ZN3LCD6strobeEv)
    LCD::delay_ms(unsigned)                  0x0800285b   Thumb Code    14  device.o(i._ZN3LCD8delay_msEj)
    LCD::delay_ns(unsigned)                  0x08002869   Thumb Code    12  main.o(i._ZN3LCD8delay_nsEj)
    LCD::sendData(unsigned char)             0x08002875   Thumb Code    94  main.o(i._ZN3LCD8sendDataEh)
    LCD::data_next()                         0x080028d3   Thumb Code    22  device.o(i._ZN3LCD9data_nextEv)
    LCD::setCursor(signed char, signed char) 0x080028e9   Thumb Code    48  device.o(i._ZN3LCD9setCursorEaa)
    Relay::getOnValue()                      0x080029f1   Thumb Code    12  device.o(i._ZN5Relay10getOnValueEv)
    Relay::loadPreset(RelayPresetDataPack&, bool) 0x080029fd   Thumb Code   104  device.o(i._ZN5Relay10loadPresetER19RelayPresetDataPackb)
    Relay::getActivity()                     0x08002a65   Thumb Code    94  device.o(i._ZN5Relay11getActivityEv)
    Relay::getOffValue()                     0x08002ae1   Thumb Code    12  device.o(i._ZN5Relay11getOffValueEv)
    Relay::overlayTest()                     0x08002aed   Thumb Code   102  device.o(i._ZN5Relay11overlayTestEv)
    Relay::getPresetInfo()                   0x08002b55   Thumb Code    14  device.o(i._ZN5Relay13getPresetInfoEv)
    Relay::updateControl()                   0x08002b69   Thumb Code    62  device.o(i._ZN5Relay13updateControlEv)
    Relay::programOnValue(float)             0x08002ba7   Thumb Code     4  device.o(i._ZN5Relay14programOnValueEf)
    Relay::setAdjustmentK(float)             0x08002bab   Thumb Code     4  device.o(i._ZN5Relay14setAdjustmentKEf)
    Relay::RelayReadAnalog()                 0x08002bb1   Thumb Code    48  device.o(i._ZN5Relay15RelayReadAnalogEv)
    Relay::programOffValue(float)            0x08002bed   Thumb Code     4  device.o(i._ZN5Relay15programOffValueEf)
    Relay::RelayWriteControl(bool)           0x08002bf1   Thumb Code    20  device.o(i._ZN5Relay17RelayWriteControlEb)
    Relay::stashCurrentPreset()              0x08002c05   Thumb Code   108  device.o(i._ZN5Relay18stashCurrentPresetEv)
    Relay::getOverlayLowStatus()             0x08002c71   Thumb Code    22  device.o(i._ZN5Relay19getOverlayLowStatusEv)
    Relay::setAdjustmentOffset(float)        0x08002c8d   Thumb Code     4  device.o(i._ZN5Relay19setAdjustmentOffsetEf)
    Relay::getOverlayHighStatus()            0x08002c91   Thumb Code    22  device.o(i._ZN5Relay20getOverlayHighStatusEv)
    Relay::unstashCurrentPreset()            0x08002cad   Thumb Code   114  device.o(i._ZN5Relay20unstashCurrentPresetEv)
    Relay::tick()                            0x08002d21   Thumb Code   250  device.o(i._ZN5Relay4tickEv)
    Relay::getMode()                         0x08002e25   Thumb Code    14  device.o(i._ZN5Relay7getModeEv)
    Relay::getStatus()                       0x08002e39   Thumb Code    42  device.o(i._ZN5Relay9getStatusEv)
    Relay::Relay()                           0x08002e6d   Thumb Code    98  main.o(i._ZN5RelayC1Ev)
    Relay::Relay__sub_object()               0x08002e6d   Thumb Code     0  main.o(i._ZN5RelayC1Ev)
    Device::getLocalTime()                   0x08002ee5   Thumb Code    60  device.o(i._ZN6Device12getLocalTimeEv)
    Device::run()                            0x08002f29   Thumb Code   300  main.o(i._ZN6Device3runEv)
    Device::Device()                         0x08003059   Thumb Code  1528  main.o(i._ZN6DeviceC1Ev)
    Device::Device__sub_object()             0x08003059   Thumb Code     0  main.o(i._ZN6DeviceC1Ev)
    MenuLeaf::connectFirst(MenuLeaf*)        0x080036ad   Thumb Code    52  main.o(i._ZN8MenuLeaf12connectFirstEPS_)
    MenuLeaf::getFirstChild()                0x080036e1   Thumb Code     8  main.o(i._ZN8MenuLeaf13getFirstChildEv)
    MenuLeaf::getNext(MenuLeaf*)             0x080036e9   Thumb Code    24  main.o(i._ZN8MenuLeaf7getNextEPS_)
    MenuLeaf::MenuLeaf(int(*)(void*, int))   0x08003701   Thumb Code    46  main.o(i._ZN8MenuLeafC1EPFiPviE)
    MenuLeaf::MenuLeaf__sub_object(int(*)(void*, int)) 0x08003701   Thumb Code     0  main.o(i._ZN8MenuLeafC1EPFiPviE)
    __ARM_common_switch8                     0x08003739   Thumb Code    28  device.o(i.__ARM_common_switch8)
    __cxa_guard_acquire                      0x08003755   Thumb Code    18  cxa_guard_acquire.o(i.__cxa_guard_acquire)
    main                                     0x080037b1   Thumb Code    32  main.o(i.main)
    void MovingLine<(int)8, (int)48>::print<const char>(T1*, int) 0x080037d5   Thumb Code    32  device.o(t._ZN10MovingLineILi8ELi48EE5printIKcEEvPT_i)
    void MovingLine<(int)8, (int)48>::print<char>(T1*, int) 0x080037f5   Thumb Code    32  device.o(t._ZN10MovingLineILi8ELi48EE5printIcEEvPT_i)
    void LcdInterface::prints<const char>(T1*, int, int) 0x08003815   Thumb Code   102  main.o(t._ZN12LcdInterface6printsIKcEEvPT_ii)
    Pin<GPIO_TypeDef>::pinRead()             0x0800387b   Thumb Code    24  main.o(t._ZN3PinI12GPIO_TypeDefE7pinReadEv)
    Pin<GPIO_TypeDef>::Pin(GPIO_TypeDef*, unsigned) 0x08003893   Thumb Code     6  main.o(t._ZN3PinI12GPIO_TypeDefEC1EPS0_j)
    Pin<GPIO_TypeDef>::Pin__sub_object(GPIO_TypeDef*, unsigned) 0x08003893   Thumb Code     0  main.o(t._ZN3PinI12GPIO_TypeDefEC1EPS0_j)
    Cursor<(char)95, (signed char)8>::update(char*) 0x08003899   Thumb Code    28  device.o(t._ZN6CursorILc95ELa8EE6updateEPc)
    Cursor<(char)95, (signed char)8>::Cursor() 0x080038b5   Thumb Code     6  device.o(t._ZN6CursorILc95ELa8EEC1Ev)
    Cursor<(char)95, (signed char)8>::Cursor__sub_object() 0x080038b5   Thumb Code     0  device.o(t._ZN6CursorILc95ELa8EEC1Ev)
    Keypad<GPIO_TypeDef>::test()             0x080038bb   Thumb Code    98  main.o(t._ZN6KeypadI12GPIO_TypeDefE4testEv)
    Keypad<GPIO_TypeDef>::testKey(char)      0x0800391d   Thumb Code    54  main.o(t._ZN6KeypadI12GPIO_TypeDefE7testKeyEc)
    Message<(int)9>::print(void*)            0x08003953   Thumb Code    26  main.o(t._ZN7MessageILi9EE5printEPv)
    Message<(int)9>::__print(void*)          0x0800396d   Thumb Code   156  device.o(t._ZN7MessageILi9EE7__printEPv)
    Message<(int)9>::Message(unsigned char)  0x08003a0d   Thumb Code    28  main.o(t._ZN7MessageILi9EEC1Eh)
    Message<(int)9>::Message__sub_object(unsigned char) 0x08003a0d   Thumb Code     0  main.o(t._ZN7MessageILi9EEC1Eh)
    Message<(int)9>::operator ()(char*)      0x08003a2d   Thumb Code    32  device.o(t._ZN7MessageILi9EEclEPc)
    __aeabi_fadd                             0x08003a4d   Thumb Code     0  faddsub.o(x$fpl$fadd)
    _fadd                                    0x08003a4d   Thumb Code   134  faddsub.o(x$fpl$fadd)
    __aeabi_cfcmple                          0x08003ad9   Thumb Code     0  flef.o(x$fpl$fleqf)
    _fcmple                                  0x08003ad9   Thumb Code    78  flef.o(x$fpl$fleqf)
    __aeabi_fmul                             0x08003b2d   Thumb Code     0  fmul.o(x$fpl$fmul)
    _fmul                                    0x08003b2d   Thumb Code   172  fmul.o(x$fpl$fmul)
    __aeabi_cfrcmple                         0x08003bdd   Thumb Code     0  frlef.o(x$fpl$frleqf)
    _frcmple                                 0x08003bdd   Thumb Code    84  frlef.o(x$fpl$frleqf)
    __aeabi_fsub                             0x08003c35   Thumb Code     0  faddsub.o(x$fpl$fsub)
    _fsub                                    0x08003c35   Thumb Code   204  faddsub.o(x$fpl$fsub)
    __I$use$fp                               0x08003d04   Number         0  usenofp.o(x$fpl$usenofp)
    vtable for DefaultArrayListBaseNode<MenuLeaf> 0x08003dd4   Data          12  main.o(.constdata__ZTV24DefaultArrayListBaseNodeI8MenuLeafE)
    vtable for LCD                           0x08003de0   Data          32  device.o(.constdata__ZTV3LCD)
    vtable for Relay                         0x08003e00   Data          20  device.o(.constdata__ZTV5Relay)
    vtable for Message<(int)9>               0x08003e14   Data          12  device.o(.constdata__ZTV7MessageILi9EE)
    vtable for MenuLeaf                      0x08003e20   Data          12  main.o(.constdata__ZTV8MenuLeaf)
    LcdInterface::fillVisible()::string      0x08003e2c   Data           9  main.o(.constdata__ZZN12LcdInterface11fillVisibleEvEs)
    LcdInterface::fillLine(unsigned char)::string 0x08003e35   Data           9  device.o(.constdata__ZZN12LcdInterface8fillLineEhEs)
    LcdInterface::operator ()(LCD*, unsigned char)::string 0x08003e3e   Data           1  main.o(.constdata__ZZN12LcdInterfaceclEP3LCDhEs)
    Relay::getActivity()::string             0x08003e3f   Data           9  device.o(.constdata__ZZN5Relay11getActivityEvEs)
    Relay::getActivity()::string (instance 2) 0x08003e48   Data           7  device.o(.constdata__ZZN5Relay11getActivityEvEs_0)
    Relay::getActivity()::string (instance 3) 0x08003e4f   Data           7  device.o(.constdata__ZZN5Relay11getActivityEvEs_1)
    Relay::getActivity()::string (instance 4) 0x08003e56   Data           6  device.o(.constdata__ZZN5Relay11getActivityEvEs_2)
    Relay::getInvertedStatus()::string       0x08003e5c   Data           7  device.o(.constdata__ZZN5Relay17getInvertedStatusEvEs)
    Relay::getInvertedStatus()::string (instance 2) 0x08003e63   Data           9  device.o(.constdata__ZZN5Relay17getInvertedStatusEvEs_0)
    Device::Device()::string                 0x08003e6c   Data           4  main.o(.constdata__ZZN6DeviceC1EvEs)
    Device::Device()::string (instance 2)    0x08003e70   Data           8  main.o(.constdata__ZZN6DeviceC1EvEs_0)
    Device::Device()::string (instance 3)    0x08003e78   Data           9  main.o(.constdata__ZZN6DeviceC1EvEs_1)
    Device::Device()::string (instance 4)    0x08003e81   Data           9  main.o(.constdata__ZZN6DeviceC1EvEs_2)
    Region$$Table$$Base                      0x08003e94   Number         0  anon$$obj.o(Region$$Table)
    Region$$Table$$Limit                     0x08003eb4   Number         0  anon$$obj.o(Region$$Table)
    SHT$$INIT_ARRAY$$Base                    0x08003eb4   Number         0  relay.o(.init_array)
    SHT$$INIT_ARRAY$$Limit                   0x08003eb8   Number         0  init_aeabi.o(.init_array)
    adc_data                                 0x20000004   Data           4  main.o(.data)
    __device                                 0x20000008   Data           4  main.o(.data)
    TimingDelay                              0x20000010   Data           4  device.o(.data)
    modeMessages                             0x20000040   Data          20  relay.o(.data)
    statusMessages                           0x20000054   Data           8  relay.o(.data)
    relay_stat_messages                      0x2000005c   Data           8  relay.o(.data)
    relay_onoff_messages                     0x20000064   Data           8  relay.o(.data)
    DefaultRelayPreset_0                     0x2000006c   Data          32  relay.o(.data)
    DefaultRelayPreset_1                     0x2000008c   Data          32  relay.o(.data)
    DefaultRelayPreset_2                     0x200000ac   Data          32  relay.o(.data)
    DefaultRelayPreset_3                     0x200000cc   Data          32  relay.o(.data)
    DefaultRelayPreset_4                     0x200000ec   Data          32  relay.o(.data)
    DefaultRelayPreset_5                     0x2000010c   Data          32  relay.o(.data)
    DefaultRelayPreset_6                     0x2000012c   Data          32  relay.o(.data)
    presetNames                              0x2000014c   Data          28  relay.o(.data)
    SystemCoreClock                          0x20000168   Data           4  system_stm32f0xx_1.o(.data)
    AHBPrescTable                            0x2000016c   Data          16  system_stm32f0xx_1.o(.data)
    guard variable for Device::getLocalTime()::local 0x2000017c   Data           4  device.o(.data__ZZN6Device12getLocalTimeEvE5local)
    Device::getLocalTime()::local            0x20000180   Data           6  device.o(.data__ZZN6Device12getLocalTimeEvE5local)
    guard variable for Device::Device()::menuAdjRet 0x20000188   Data           4  main.o(.data__ZZN6DeviceC1EvE10menuAdjRet)
    guard variable for Device::Device()::setupClock 0x2000018c   Data           4  main.o(.data__ZZN6DeviceC1EvE10setupClock)
    guard variable for Device::Device()::setupOvBot 0x20000190   Data           4  main.o(.data__ZZN6DeviceC1EvE10setupOvBot)
    guard variable for Device::Device()::setupOvRet 0x20000194   Data           4  main.o(.data__ZZN6DeviceC1EvE10setupOvRet)
    guard variable for Device::Device()::setupOvTop 0x20000198   Data           4  main.o(.data__ZZN6DeviceC1EvE10setupOvTop)
    guard variable for Device::Device()::menuAdjOffset 0x2000019c   Data           4  main.o(.data__ZZN6DeviceC1EvE13menuAdjOffset)
    guard variable for Device::Device()::setupOffOnRet 0x200001a0   Data           4  main.o(.data__ZZN6DeviceC1EvE13setupOffOnRet)
    guard variable for Device::Device()::menuInvertOutput 0x200001a4   Data           4  main.o(.data__ZZN6DeviceC1EvE16menuInvertOutput)
    guard variable for Device::Device()::mainPresetChooser 0x200001a8   Data           4  main.o(.data__ZZN6DeviceC1EvE17mainPresetChooser)
    guard variable for Device::Device()::kpd 0x200001ac   Data           4  main.o(.data__ZZN6DeviceC1EvE3kpd)
    guard variable for Device::Device()::head 0x200001b0   Data           4  main.o(.data__ZZN6DeviceC1EvE4head)
    guard variable for Device::Device()::main0 0x200001b4   Data           4  main.o(.data__ZZN6DeviceC1EvE5main0)
    guard variable for Device::Device()::main1 0x200001b8   Data           4  main.o(.data__ZZN6DeviceC1EvE5main1)
    guard variable for Device::Device()::main2 0x200001bc   Data           4  main.o(.data__ZZN6DeviceC1EvE5main2)
    guard variable for Device::Device()::main3 0x200001c0   Data           4  main.o(.data__ZZN6DeviceC1EvE5main3)
    guard variable for Device::Device()::main4 0x200001c4   Data           4  main.o(.data__ZZN6DeviceC1EvE5main4)
    guard variable for Device::Device()::relay 0x200001c8   Data           4  main.o(.data__ZZN6DeviceC1EvE5relay)
    Device::Device()::relay                  0x200001cc   Data           8  main.o(.data__ZZN6DeviceC1EvE5relay)
    guard variable for Device::Device()::buttonC 0x200001d4   Data           4  main.o(.data__ZZN6DeviceC1EvE7buttonC)
    Device::Device()::buttonC                0x200001d8   Data           8  main.o(.data__ZZN6DeviceC1EvE7buttonC)
    guard variable for Device::Device()::buttonL 0x200001e0   Data           4  main.o(.data__ZZN6DeviceC1EvE7buttonL)
    Device::Device()::buttonL                0x200001e4   Data           8  main.o(.data__ZZN6DeviceC1EvE7buttonL)
    guard variable for Device::Device()::buttonR 0x200001ec   Data           4  main.o(.data__ZZN6DeviceC1EvE7buttonR)
    Device::Device()::buttonR                0x200001f0   Data           8  main.o(.data__ZZN6DeviceC1EvE7buttonR)
    Device::Device()::buttons                0x200001f8   Data          12  main.o(.data__ZZN6DeviceC1EvE7buttons)
    guard variable for Device::Device()::menuAdj 0x20000204   Data           4  main.o(.data__ZZN6DeviceC1EvE7menuAdj)
    guard variable for Device::Device()::setupOn 0x20000208   Data           4  main.o(.data__ZZN6DeviceC1EvE7setupOn)
    guard variable for Device::Device()::menuAdjK 0x2000020c   Data           4  main.o(.data__ZZN6DeviceC1EvE8menuAdjK)
    guard variable for Device::Device()::setupOff 0x20000210   Data           4  main.o(.data__ZZN6DeviceC1EvE8setupOff)
    RelayDefaultPresets                      0x20000284   Data         128  relay.o(.bss)
    __libspace_start                         0x20000304   Data          96  libspace.o(.bss)
    Relay::getActivity()::modeMessage        0x20000364   Data          16  device.o(.bss__ZZN5Relay11getActivityEvE11modeMessage)
    __temporary_stack_top$libspace           0x20000364   Data           0  libspace.o(.bss)
    Device::Device()::menuAdjRet             0x20000374   Data          32  main.o(.bss__ZZN6DeviceC1EvE10menuAdjRet)
    Device::Device()::setupClock             0x20000394   Data          32  main.o(.bss__ZZN6DeviceC1EvE10setupClock)
    Device::Device()::setupOvBot             0x200003b4   Data          32  main.o(.bss__ZZN6DeviceC1EvE10setupOvBot)
    Device::Device()::setupOvRet             0x200003d4   Data          32  main.o(.bss__ZZN6DeviceC1EvE10setupOvRet)
    Device::Device()::setupOvTop             0x200003f4   Data          32  main.o(.bss__ZZN6DeviceC1EvE10setupOvTop)
    Device::Device()::menuAdjOffset          0x20000414   Data          32  main.o(.bss__ZZN6DeviceC1EvE13menuAdjOffset)
    Device::Device()::setupOffOnRet          0x20000434   Data          32  main.o(.bss__ZZN6DeviceC1EvE13setupOffOnRet)
    Device::Device()::menuInvertOutput       0x20000454   Data          32  main.o(.bss__ZZN6DeviceC1EvE16menuInvertOutput)
    Device::Device()::mainPresetChooser      0x20000474   Data          32  main.o(.bss__ZZN6DeviceC1EvE17mainPresetChooser)
    Device::Device()::kpd                    0x20000494   Data          16  main.o(.bss__ZZN6DeviceC1EvE3kpd)
    Device::Device()::head                   0x200004a4   Data          32  main.o(.bss__ZZN6DeviceC1EvE4head)
    Device::Device()::main0                  0x200004c4   Data          32  main.o(.bss__ZZN6DeviceC1EvE5main0)
    Device::Device()::main1                  0x200004e4   Data          32  main.o(.bss__ZZN6DeviceC1EvE5main1)
    Device::Device()::main2                  0x20000504   Data          32  main.o(.bss__ZZN6DeviceC1EvE5main2)
    Device::Device()::main3                  0x20000524   Data          32  main.o(.bss__ZZN6DeviceC1EvE5main3)
    Device::Device()::main4                  0x20000544   Data          32  main.o(.bss__ZZN6DeviceC1EvE5main4)
    Device::Device()::menuAdj                0x20000564   Data          32  main.o(.bss__ZZN6DeviceC1EvE7menuAdj)
    Device::Device()::setupOn                0x20000584   Data          32  main.o(.bss__ZZN6DeviceC1EvE7setupOn)
    Device::Device()::menuAdjK               0x200005a4   Data          32  main.o(.bss__ZZN6DeviceC1EvE8menuAdjK)
    Device::Device()::setupOff               0x200005c4   Data          32  main.o(.bss__ZZN6DeviceC1EvE8setupOff)



==============================================================================

Memory Map of the image

  Image Entry point : 0x080000b5

  Load Region LR_IROM1 (Base: 0x08000000, Size: 0x000040cc, Max: 0x00004000, ABSOLUTE, COMPRESSED[0x00003f58])

    Execution Region ER_IROM1 (Base: 0x08000000, Size: 0x00003eb8, Max: 0x00004000, ABSOLUTE)

    Base Addr    Size         Type   Attr      Idx    E Section Name        Object

    0x08000000   0x000000b4   Data   RO         3103    RESET               startup_stm32f030.o
    0x080000b4   0x00000008   Code   RO         3166  * !!!main             c_p.l(__main.o)
    0x080000bc   0x0000003c   Code   RO         3636    !!!scatter          c_p.l(__scatter.o)
    0x080000f8   0x0000001c   Code   RO         3638    !!handler_zi        c_p.l(__scatter_zi.o)
    0x08000114   0x00000002   Code   RO         3498    .ARM.Collect$$libinit$$00000000  c_p.l(libinit.o)
    0x08000116   0x00000000   Code   RO         3319    .ARM.Collect$$libinit$$00000002  c_p.l(libinit2.o)
    0x08000116   0x00000000   Code   RO         3321    .ARM.Collect$$libinit$$00000004  c_p.l(libinit2.o)
    0x08000116   0x00000000   Code   RO         3324    .ARM.Collect$$libinit$$0000000A  c_p.l(libinit2.o)
    0x08000116   0x00000000   Code   RO         3326    .ARM.Collect$$libinit$$0000000C  c_p.l(libinit2.o)
    0x08000116   0x00000000   Code   RO         3328    .ARM.Collect$$libinit$$0000000E  c_p.l(libinit2.o)
    0x08000116   0x00000000   Code   RO         3331    .ARM.Collect$$libinit$$00000011  c_p.l(libinit2.o)
    0x08000116   0x00000000   Code   RO         3333    .ARM.Collect$$libinit$$00000013  c_p.l(libinit2.o)
    0x08000116   0x00000000   Code   RO         3335    .ARM.Collect$$libinit$$00000015  c_p.l(libinit2.o)
    0x08000116   0x00000000   Code   RO         3337    .ARM.Collect$$libinit$$00000017  c_p.l(libinit2.o)
    0x08000116   0x00000000   Code   RO         3339    .ARM.Collect$$libinit$$00000019  c_p.l(libinit2.o)
    0x08000116   0x00000000   Code   RO         3341    .ARM.Collect$$libinit$$0000001B  c_p.l(libinit2.o)
    0x08000116   0x00000000   Code   RO         3343    .ARM.Collect$$libinit$$0000001D  c_p.l(libinit2.o)
    0x08000116   0x00000000   Code   RO         3345    .ARM.Collect$$libinit$$0000001F  c_p.l(libinit2.o)
    0x08000116   0x00000000   Code   RO         3347    .ARM.Collect$$libinit$$00000021  c_p.l(libinit2.o)
    0x08000116   0x00000000   Code   RO         3349    .ARM.Collect$$libinit$$00000023  c_p.l(libinit2.o)
    0x08000116   0x00000000   Code   RO         3351    .ARM.Collect$$libinit$$00000025  c_p.l(libinit2.o)
    0x08000116   0x00000000   Code   RO         3355    .ARM.Collect$$libinit$$0000002C  c_p.l(libinit2.o)
    0x08000116   0x00000000   Code   RO         3357    .ARM.Collect$$libinit$$0000002E  c_p.l(libinit2.o)
    0x08000116   0x00000000   Code   RO         3359    .ARM.Collect$$libinit$$00000030  c_p.l(libinit2.o)
    0x08000116   0x00000004   Code   RO         3360    .ARM.Collect$$libinit$$00000031  c_p.l(libinit2.o)
    0x0800011a   0x00000000   Code   RO         3361    .ARM.Collect$$libinit$$00000032  c_p.l(libinit2.o)
    0x0800011a   0x00000002   Code   RO         3362    .ARM.Collect$$libinit$$00000033  c_p.l(libinit2.o)
    0x0800011c   0x00000002   Code   RO         3600    .ARM.Collect$$libshutdown$$00000000  c_p.l(libshutdown.o)
    0x0800011e   0x00000000   Code   RO         3619    .ARM.Collect$$libshutdown$$00000003  c_p.l(libshutdown2.o)
    0x0800011e   0x00000000   Code   RO         3622    .ARM.Collect$$libshutdown$$00000006  c_p.l(libshutdown2.o)
    0x0800011e   0x00000000   Code   RO         3625    .ARM.Collect$$libshutdown$$00000009  c_p.l(libshutdown2.o)
    0x0800011e   0x00000000   Code   RO         3627    .ARM.Collect$$libshutdown$$0000000B  c_p.l(libshutdown2.o)
    0x0800011e   0x00000000   Code   RO         3630    .ARM.Collect$$libshutdown$$0000000E  c_p.l(libshutdown2.o)
    0x0800011e   0x00000002   Code   RO         3631    .ARM.Collect$$libshutdown$$0000000F  c_p.l(libshutdown2.o)
    0x08000120   0x00000000   Code   RO         3313    .ARM.Collect$$rtentry$$00000000  c_p.l(__rtentry.o)
    0x08000120   0x00000000   Code   RO         3380    .ARM.Collect$$rtentry$$00000002  c_p.l(__rtentry2.o)
    0x08000120   0x00000006   Code   RO         3392    .ARM.Collect$$rtentry$$00000004  c_p.l(__rtentry4.o)
    0x08000126   0x00000000   Code   RO         3382    .ARM.Collect$$rtentry$$00000009  c_p.l(__rtentry2.o)
    0x08000126   0x00000004   Code   RO         3383    .ARM.Collect$$rtentry$$0000000A  c_p.l(__rtentry2.o)
    0x0800012a   0x00000000   Code   RO         3385    .ARM.Collect$$rtentry$$0000000C  c_p.l(__rtentry2.o)
    0x0800012a   0x00000008   Code   RO         3386    .ARM.Collect$$rtentry$$0000000D  c_p.l(__rtentry2.o)
    0x08000132   0x00000002   Code   RO         3514    .ARM.Collect$$rtexit$$00000000  c_p.l(rtexit.o)
    0x08000134   0x00000000   Code   RO         3569    .ARM.Collect$$rtexit$$00000002  c_p.l(rtexit2.o)
    0x08000134   0x00000004   Code   RO         3570    .ARM.Collect$$rtexit$$00000003  c_p.l(rtexit2.o)
    0x08000138   0x00000006   Code   RO         3571    .ARM.Collect$$rtexit$$00000004  c_p.l(rtexit2.o)
    0x0800013e   0x00000002   PAD
    0x08000140   0x00000038   Code   RO         3152    .emb_text           c_p.l(rt_memcpy.o)
    0x08000178   0x00000074   Code   RO         3104    .text               startup_stm32f030.o
    0x080001ec   0x00000044   Code   RO         3150    .text               c_p.l(strlen.o)
    0x08000230   0x00000082   Code   RO         3153    .text               c_p.l(rt_memcpy.o)
    0x080002b2   0x00000012   Code   RO         3156    .text               c_p.l(aeabi_memset.o)
    0x080002c4   0x00000040   Code   RO         3158    .text               c_p.l(rt_memclr.o)
    0x08000304   0x0000015a   Code   RO         3160    .text               c_p.l(aeabi_sdiv.o)
    0x0800045e   0x00000006   Code   RO         3164    .text               c_p.l(heapauxi.o)
    0x08000464   0x00000024   Code   RO         3171    .text               c_p.l(init_aeabi.o)
    0x08000488   0x0000007c   Code   RO         3286    .text               fz_ps.l(d2f.o)
    0x08000504   0x00000358   Code   RO         3288    .text               fz_ps.l(daddsub.o)
    0x0800085c   0x00000248   Code   RO         3290    .text               fz_ps.l(dmul.o)
    0x08000aa4   0x00000054   Code   RO         3292    .text               fz_ps.l(f2d.o)
    0x08000af8   0x00000160   Code   RO         3300    .text               fz_ps.l(fdiv.o)
    0x08000c58   0x0000004c   Code   RO         3303    .text               fz_ps.l(ffixi.o)
    0x08000ca4   0x0000005e   Code   RO         3305    .text               fz_ps.l(fflti.o)
    0x08000d02   0x00000002   PAD
    0x08000d04   0x00000064   Code   RO         3376    .text               fz_ps.l(fcmpin.o)
    0x08000d68   0x00000030   Code   RO         3411    .text               fz_ps.l(cmpret.o)
    0x08000d98   0x00000010   Code   RO         3413    .text               fz_ps.l(fnan2.o)
    0x08000da8   0x0000003e   Code   RO         3417    .text               c_p.l(sys_stackheap_outer.o)
    0x08000de6   0x0000000c   Code   RO         3481    .text               c_p.l(exit.o)
    0x08000df2   0x0000005e   Code   RO         3502    .text               fz_ps.l(retnan.o)
    0x08000e50   0x0000000c   Code   RO         3506    .text               c_p.l(sys_exit.o)
    0x08000e5c   0x00000008   Code   RO         3508    .text               c_p.l(libspace.o)
    0x08000e64   0x00000002   Code   RO         3565    .text               c_p.l(use_no_semi.o)
    0x08000e66   0x00000000   Code   RO         3567    .text               c_p.l(indicate_semi.o)
    0x08000e66   0x00000056   Code   RO         3634    .text               c_p.l(__dczerorl2.o)
    0x08000ebc   0x00000018   Code   RO         1300    i.ADC_ChannelConfig  stm32f0xx_adc.o
    0x08000ed4   0x00000018   Code   RO         1304    i.ADC_Cmd           stm32f0xx_adc.o
    0x08000eec   0x00000020   Code   RO         1308    i.ADC_DeInit        stm32f0xx_adc.o
    0x08000f0c   0x0000003c   Code   RO         1310    i.ADC_GetCalibrationFactor  stm32f0xx_adc.o
    0x08000f48   0x00000008   Code   RO         1311    i.ADC_GetConversionValue  stm32f0xx_adc.o
    0x08000f50   0x00000030   Code   RO         1312    i.ADC_GetFlagStatus  stm32f0xx_adc.o
    0x08000f80   0x0000002c   Code   RO         1315    i.ADC_Init          stm32f0xx_adc.o
    0x08000fac   0x0000000a   Code   RO         1318    i.ADC_StartOfConversion  stm32f0xx_adc.o
    0x08000fb6   0x00000010   Code   RO         1320    i.ADC_StructInit    stm32f0xx_adc.o
    0x08000fc6   0x00000090   Code   RO         1751    i.GPIO_Init         stm32f0xx_gpio.o
    0x08001056   0x00000004   Code   RO         1184    i.HardFault_Handler  stm32f0xx_it.o
    0x0800105a   0x00000002   Code   RO         1185    i.NMI_Handler       stm32f0xx_it.o
    0x0800105c   0x00000070   Code   RO         2903    i.NVIC_Init         stm32f0xx_syscfg.o
    0x080010cc   0x00000002   Code   RO         1186    i.PendSV_Handler    stm32f0xx_it.o
    0x080010ce   0x00000002   PAD
    0x080010d0   0x00000020   Code   RO         1940    i.RCC_AHBPeriphClockCmd  stm32f0xx_rcc.o
    0x080010f0   0x00000020   Code   RO         1942    i.RCC_APB1PeriphClockCmd  stm32f0xx_rcc.o
    0x08001110   0x00000020   Code   RO         1944    i.RCC_APB2PeriphClockCmd  stm32f0xx_rcc.o
    0x08001130   0x00000020   Code   RO         1945    i.RCC_APB2PeriphResetCmd  stm32f0xx_rcc.o
    0x08001150   0x00000002   Code   RO         1187    i.SVC_Handler       stm32f0xx_it.o
    0x08001152   0x00000008   Code   RO         1188    i.SysTick_Handler   stm32f0xx_it.o
    0x0800115a   0x00000002   PAD
    0x0800115c   0x0000007c   Code   RO         3111    i.SystemInit        system_stm32f0xx_1.o
    0x080011d8   0x0000001c   Code   RO         1189    i.TIM3_IRQHandler   stm32f0xx_it.o
    0x080011f4   0x00000006   Code   RO         2249    i.TIM_ClearITPendingBit  stm32f0xx_tim.o
    0x080011fa   0x00000002   PAD
    0x080011fc   0x0000001c   Code   RO         2254    i.TIM_Cmd           stm32f0xx_tim.o
    0x08001218   0x00000014   Code   RO         2279    i.TIM_ITConfig      stm32f0xx_tim.o
    0x0800122c   0x00000070   Code   RO         2298    i.TIM_OC4Init       stm32f0xx_tim.o
    0x0800129c   0x00000018   Code   RO         2300    i.TIM_OC4PreloadConfig  stm32f0xx_tim.o
    0x080012b4   0x00000006   Code   RO         2303    i.TIM_PrescalerConfig  stm32f0xx_tim.o
    0x080012ba   0x00000002   PAD
    0x080012bc   0x0000007c   Code   RO         2327    i.TIM_TimeBaseInit  stm32f0xx_tim.o
    0x08001338   0x00000050   Code   RO          410    i._Z11clockAdjustP6DeviceR4TimeR6CursorILc95ELa8EE  device.o
    0x08001388   0x0000006a   Code   RO         1062    i._Z11icreaseTimeR4Time  clock.o
    0x080013f2   0x00000024   Code   RO          411    i._Z11timer3_tickPv  device.o
    0x08001416   0x00000064   Code   RO         1064    i._Z12decreaseTimeR4Time  clock.o
    0x0800147a   0x0000000c   Code   RO          975    i._Z12gpio_pin_setP12GPIO_TypeDefjb  gpio_ex.o
    0x08001486   0x00000012   Code   RO          976    i._Z13gpio_pin_readP12GPIO_TypeDefj  gpio_ex.o
    0x08001498   0x000000a0   Code   RO          412    i._Z13incrementTimeR4Timeh  device.o
    0x08001538   0x0000010a   Code   RO         1070    i._Z14clockConverterPcPKcR4Time  clock.o
    0x08001642   0x00000002   PAD
    0x08001644   0x00000080   Code   RO          413    i._Z14getAdjustmentsi  device.o
    0x080016c4   0x00000004   Code   RO          979    i._Z14gpio_pin_resetP12GPIO_TypeDefj  gpio_ex.o
    0x080016c8   0x00000034   Code   RO          414    i._Z14menuAdjHandlerPvi  device.o
    0x080016fc   0x00000060   Code   RO         1244    i._Z15device_adc_initv  init.o
    0x0800175c   0x000000c8   Code   RO          415    i._Z15menuAdjKHandlerPvi  device.o
    0x08001824   0x00000088   Code   RO          416    i._Z15menuExitHandlerPvi  device.o
    0x080018ac   0x000000ec   Code   RO         1245    i._Z16device_gpio_initv  init.o
    0x08001998   0x0000007c   Code   RO          417    i._Z16getTempInCelsiumi  device.o
    0x08001a14   0x00000094   Code   RO         1246    i._Z17device_timer_initv  init.o
    0x08001aa8   0x000001f8   Code   RO          418    i._Z18menuSetupOnHandlerPvi  device.o
    0x08001ca0   0x00000064   Code   RO         1247    i._Z19device_enable_clockv  init.o
    0x08001d04   0x00000034   Code   RO          419    i._Z19menuHeadPageHandlerPvi  device.o
    0x08001d38   0x00000080   Code   RO          420    i._Z19menuSaveExitHandlerPvi  device.o
    0x08001db8   0x000001f4   Code   RO          421    i._Z19menuSetupOffHandlerPvi  device.o
    0x08001fac   0x000000a4   Code   RO          422    i._Z20menuAdjOffsetHandlerPvi  device.o
    0x08002050   0x00000048   Code   RO          423    i._Z20menuMainPage0HandlerPvi  device.o
    0x08002098   0x0000005c   Code   RO          424    i._Z20menuMainPage1HandlerPvi  device.o
    0x080020f4   0x0000003e   Code   RO          425    i._Z20menuMainPage2HandlerPvi  device.o
    0x08002132   0x00000072   Code   RO          426    i._Z20menuMainPage3HandlerPvi  device.o
    0x080021a4   0x00000034   Code   RO          427    i._Z20menuMainPage4HandlerPvi  device.o
    0x080021d8   0x0000002c   Code   RO          428    i._Z21TimingDelay_Decrementv  device.o
    0x08002204   0x0000009c   Code   RO          429    i._Z21menuSetupClockHandlerPvi  device.o
    0x080022a0   0x0000005c   Code   RO          430    i._Z21menuSetupOvTopHandlerPvi  device.o
    0x080022fc   0x0000005c   Code   RO          431    i._Z22menuSetupOvBottHandlerPvi  device.o
    0x08002358   0x0000006c   Code   RO          432    i._Z23menuInvertOutputHandlerPvi  device.o
    0x080023c4   0x00000170   Code   RO          433    i._Z29menuSwitchDefaultRelayPresetsPvi  device.o
    0x08002534   0x0000004a   Code   RO         3075    i._Z4itoaPcii       dtostr.o
    0x0800257e   0x00000032   Code   RO         3076    i._Z4utoaPcji       dtostr.o
    0x080025b0   0x00000018   Code   RO          434    i._Z5Delayj         device.o
    0x080025c8   0x00000028   Code   RO          981    i._Z9gpio_initP12GPIO_TypeDefj17GPIOSpeed_TypeDef16GPIOMode_TypeDef17GPIOOType_TypeDef16GPIOPuPd_TypeDef  gpio_ex.o
    0x080025f0   0x0000000c   Code   RO         1073    i._Z9resetTimeR4Time  clock.o
    0x080025fc   0x00000014   Code   RO          826    i._ZN12LcdInterface7putCharEc  device.o
    0x08002610   0x00000078   Code   RO         1248    i._ZN29_INTERNAL_8_init_cpp_74261d6916NVIC_SetPriorityE4IRQnj  init.o
    0x08002688   0x00000024   Code   RO         3077    i._ZN32_INTERNAL_10_dtostr_cpp_d694c04212reverseCharsEPc  dtostr.o
    0x080026ac   0x0000004c   Code   RO          435    i._ZN3LCD11data_on_busEh  device.o
    0x080026f8   0x0000005e   Code   RO           42    i._ZN3LCD11sendCommandEh  main.o
    0x08002756   0x00000016   Code   RO          436    i._ZN3LCD12command_nextEv  device.o
    0x0800276c   0x000000b4   Code   RO           75    i._ZN3LCD4initEPKch  main.o
    0x08002820   0x0000003a   Code   RO          437    i._ZN3LCD6strobeEv  device.o
    0x0800285a   0x0000000e   Code   RO          438    i._ZN3LCD8delay_msEj  device.o
    0x08002868   0x0000000c   Code   RO          119    i._ZN3LCD8delay_nsEj  main.o
    0x08002874   0x0000005e   Code   RO          125    i._ZN3LCD8sendDataEh  main.o
    0x080028d2   0x00000016   Code   RO          439    i._ZN3LCD9data_nextEv  device.o
    0x080028e8   0x00000030   Code   RO          717    i._ZN3LCD9setCursorEaa  device.o
    0x08002918   0x000000d8   Code   RO         3112    i._ZN40_INTERNAL_18_system_stm32f0xx_c_5d646a6711SetSysClockEv  system_stm32f0xx_1.o
    0x080029f0   0x0000000c   Code   RO          772    i._ZN5Relay10getOnValueEv  device.o
    0x080029fc   0x00000068   Code   RO          808    i._ZN5Relay10loadPresetER19RelayPresetDataPackb  device.o
    0x08002a64   0x0000007c   Code   RO          680    i._ZN5Relay11getActivityEv  device.o
    0x08002ae0   0x0000000c   Code   RO          748    i._ZN5Relay11getOffValueEv  device.o
    0x08002aec   0x00000066   Code   RO          730    i._ZN5Relay11overlayTestEv  device.o
    0x08002b52   0x00000002   PAD
    0x08002b54   0x00000014   Code   RO          796    i._ZN5Relay13getPresetInfoEv  device.o
    0x08002b68   0x0000003e   Code   RO          710    i._ZN5Relay13updateControlEv  device.o
    0x08002ba6   0x00000004   Code   RO          778    i._ZN5Relay14programOnValueEf  device.o
    0x08002baa   0x00000004   Code   RO          784    i._ZN5Relay14setAdjustmentKEf  device.o
    0x08002bae   0x00000002   PAD
    0x08002bb0   0x0000003c   Code   RO          440    i._ZN5Relay15RelayReadAnalogEv  device.o
    0x08002bec   0x00000004   Code   RO          754    i._ZN5Relay15programOffValueEf  device.o
    0x08002bf0   0x00000014   Code   RO          442    i._ZN5Relay17RelayWriteControlEb  device.o
    0x08002c04   0x0000006c   Code   RO          814    i._ZN5Relay18stashCurrentPresetEv  device.o
    0x08002c70   0x0000001c   Code   RO          742    i._ZN5Relay19getOverlayLowStatusEv  device.o
    0x08002c8c   0x00000004   Code   RO          790    i._ZN5Relay19setAdjustmentOffsetEf  device.o
    0x08002c90   0x0000001c   Code   RO          766    i._ZN5Relay20getOverlayHighStatusEv  device.o
    0x08002cac   0x00000072   Code   RO          802    i._ZN5Relay20unstashCurrentPresetEv  device.o
    0x08002d1e   0x00000002   PAD
    0x08002d20   0x00000104   Code   RO          661    i._ZN5Relay4tickEv  device.o
    0x08002e24   0x00000014   Code   RO          736    i._ZN5Relay7getModeEv  device.o
    0x08002e38   0x00000034   Code   RO          686    i._ZN5Relay9getStatusEv  device.o
    0x08002e6c   0x00000078   Code   RO          138    i._ZN5RelayC1Ev     main.o
    0x08002ee4   0x00000044   Code   RO          668    i._ZN6Device12getLocalTimeEv  device.o
    0x08002f28   0x00000130   Code   RO           56    i._ZN6Device3runEv  main.o
    0x08003058   0x00000654   Code   RO           88    i._ZN6DeviceC1Ev    main.o
    0x080036ac   0x00000034   Code   RO           63    i._ZN8MenuLeaf12connectFirstEPS_  main.o
    0x080036e0   0x00000008   Code   RO          107    i._ZN8MenuLeaf13getFirstChildEv  main.o
    0x080036e8   0x00000018   Code   RO          113    i._ZN8MenuLeaf7getNextEPS_  main.o
    0x08003700   0x00000038   Code   RO           69    i._ZN8MenuLeafC1EPFiPviE  main.o
    0x08003738   0x0000001c   Code   RO          840    i.__ARM_common_switch8  device.o
    0x08003754   0x00000012   Code   RO         3174    i.__cxa_guard_acquire  cpprt_p.l(cxa_guard_acquire.o)
    0x08003766   0x00000002   PAD
    0x08003768   0x00000048   Code   RO         1036    i.__sti___9_relay_cpp_87aa0a3f  relay.o
    0x080037b0   0x00000024   Code   RO            3    i.main              main.o
    0x080037d4   0x00000020   Code   RO          698    t._ZN10MovingLineILi8ELi48EE5printIKcEEvPT_i  device.o
    0x080037f4   0x00000020   Code   RO          704    t._ZN10MovingLineILi8ELi48EE5printIcEEvPT_i  device.o
    0x08003814   0x00000066   Code   RO           49    t._ZN12LcdInterface6printsIKcEEvPT_ii  main.o
    0x0800387a   0x00000018   Code   RO           30    t._ZN3PinI12GPIO_TypeDefE7pinReadEv  main.o
    0x08003892   0x00000006   Code   RO          132    t._ZN3PinI12GPIO_TypeDefEC1EPS0_j  main.o
    0x08003898   0x0000001c   Code   RO          692    t._ZN6CursorILc95ELa8EE6updateEPc  device.o
    0x080038b4   0x00000006   Code   RO          760    t._ZN6CursorILc95ELa8EEC1Ev  device.o
    0x080038ba   0x00000062   Code   RO          101    t._ZN6KeypadI12GPIO_TypeDefE4testEv  main.o
    0x0800391c   0x00000036   Code   RO           36    t._ZN6KeypadI12GPIO_TypeDefE7testKeyEc  main.o
    0x08003952   0x0000001a   Code   RO           94    t._ZN7MessageILi9EE5printEPv  main.o
    0x0800396c   0x000000a0   Code   RO          724    t._ZN7MessageILi9EE7__printEPv  device.o
    0x08003a0c   0x00000020   Code   RO           82    t._ZN7MessageILi9EEC1Eh  main.o
    0x08003a2c   0x00000020   Code   RO          674    t._ZN7MessageILi9EEclEPc  device.o
    0x08003a4c   0x0000008c   Code   RO         3294    x$fpl$fadd          fz_ps.l(faddsub.o)
    0x08003ad8   0x00000054   Code   RO         3307    x$fpl$fleqf         fz_ps.l(flef.o)
    0x08003b2c   0x000000b0   Code   RO         3309    x$fpl$fmul          fz_ps.l(fmul.o)
    0x08003bdc   0x00000058   Code   RO         3311    x$fpl$frleqf        fz_ps.l(frlef.o)
    0x08003c34   0x000000d0   Code   RO         3296    x$fpl$fsub          fz_ps.l(faddsub.o)
    0x08003d04   0x00000000   Code   RO         3378    x$fpl$usenofp       fz_ps.l(usenofp.o)
    0x08003d04   0x0000008f   Data   RO         1039    .constdata          relay.o
    0x08003d93   0x00000040   Data   RO         3301    .constdata          fz_ps.l(fdiv.o)
    0x08003dd3   0x00000001   PAD
    0x08003dd4   0x0000000c   Data   RO          145    .constdata__ZTV24DefaultArrayListBaseNodeI8MenuLeafE  main.o
    0x08003de0   0x00000020   Data   RO          649    .constdata__ZTV3LCD  device.o
    0x08003e00   0x00000014   Data   RO          652    .constdata__ZTV5Relay  device.o
    0x08003e14   0x0000000c   Data   RO          656    .constdata__ZTV7MessageILi9EE  device.o
    0x08003e20   0x0000000c   Data   RO          147    .constdata__ZTV8MenuLeaf  main.o
    0x08003e2c   0x00000009   Data   RO           25    .constdata__ZZN12LcdInterface11fillVisibleEvEs  main.o
    0x08003e35   0x00000009   Data   RO          650    .constdata__ZZN12LcdInterface8fillLineEhEs  device.o
    0x08003e3e   0x00000001   Data   RO           24    .constdata__ZZN12LcdInterfaceclEP3LCDhEs  main.o
    0x08003e3f   0x00000009   Data   RO          657    .constdata__ZZN5Relay11getActivityEvEs  device.o
    0x08003e48   0x00000007   Data   RO          658    .constdata__ZZN5Relay11getActivityEvEs_0  device.o
    0x08003e4f   0x00000007   Data   RO          659    .constdata__ZZN5Relay11getActivityEvEs_1  device.o
    0x08003e56   0x00000006   Data   RO          660    .constdata__ZZN5Relay11getActivityEvEs_2  device.o
    0x08003e5c   0x00000007   Data   RO          653    .constdata__ZZN5Relay17getInvertedStatusEvEs  device.o
    0x08003e63   0x00000009   Data   RO          654    .constdata__ZZN5Relay17getInvertedStatusEvEs_0  device.o
    0x08003e6c   0x00000004   Data   RO           26    .constdata__ZZN6DeviceC1EvEs  main.o
    0x08003e70   0x00000008   Data   RO           27    .constdata__ZZN6DeviceC1EvEs_0  main.o
    0x08003e78   0x00000009   Data   RO           28    .constdata__ZZN6DeviceC1EvEs_1  main.o
    0x08003e81   0x00000009   Data   RO           29    .constdata__ZZN6DeviceC1EvEs_2  main.o
    0x08003e8a   0x00000002   PAD
    0x08003e8c   0x00000008   Data   RO            5    .conststring        main.o
    0x08003e94   0x00000020   Data   RO         3632    Region$$Table       anon$$obj.o
    0x08003eb4   0x00000004   Data   RO         1041    .init_array         relay.o
    0x08003eb8   0x00000000   Data   RO         3169    .init_array         c_p.l(init_aeabi.o)


    Execution Region RW_IRAM1 (Base: 0x20000000, Size: 0x00000be8, Max: 0x00001000, ABSOLUTE, COMPRESSED[0x000000a0])

    Base Addr    Size         Type   Attr      Idx    E Section Name        Object

    0x20000000   0x0000000c   Data   RW            6    .data               main.o
    0x2000000c   0x00000034   Data   RW          478    .data               device.o
    0x20000040   0x00000128   Data   RW         1040    .data               relay.o
    0x20000168   0x00000014   Data   RW         3116    .data               system_stm32f0xx_1.o
    0x2000017c   0x0000000a   Data   RW          836    .data__ZZN6Device12getLocalTimeEvE5local  device.o
    0x20000186   0x00000002   PAD
    0x20000188   0x00000004   Data   RW          148    .data__ZZN6DeviceC1EvE10menuAdjRet  main.o
    0x2000018c   0x00000004   Data   RW          156    .data__ZZN6DeviceC1EvE10setupClock  main.o
    0x20000190   0x00000004   Data   RW          160    .data__ZZN6DeviceC1EvE10setupOvBot  main.o
    0x20000194   0x00000004   Data   RW          158    .data__ZZN6DeviceC1EvE10setupOvRet  main.o
    0x20000198   0x00000004   Data   RW          162    .data__ZZN6DeviceC1EvE10setupOvTop  main.o
    0x2000019c   0x00000004   Data   RW          150    .data__ZZN6DeviceC1EvE13menuAdjOffset  main.o
    0x200001a0   0x00000004   Data   RW          164    .data__ZZN6DeviceC1EvE13setupOffOnRet  main.o
    0x200001a4   0x00000004   Data   RW          170    .data__ZZN6DeviceC1EvE16menuInvertOutput  main.o
    0x200001a8   0x00000004   Data   RW          172    .data__ZZN6DeviceC1EvE17mainPresetChooser  main.o
    0x200001ac   0x00000004   Data   RW          186    .data__ZZN6DeviceC1EvE3kpd  main.o
    0x200001b0   0x00000004   Data   RW          184    .data__ZZN6DeviceC1EvE4head  main.o
    0x200001b4   0x00000004   Data   RW          182    .data__ZZN6DeviceC1EvE5main0  main.o
    0x200001b8   0x00000004   Data   RW          180    .data__ZZN6DeviceC1EvE5main1  main.o
    0x200001bc   0x00000004   Data   RW          178    .data__ZZN6DeviceC1EvE5main2  main.o
    0x200001c0   0x00000004   Data   RW          176    .data__ZZN6DeviceC1EvE5main3  main.o
    0x200001c4   0x00000004   Data   RW          174    .data__ZZN6DeviceC1EvE5main4  main.o
    0x200001c8   0x0000000c   Data   RW          188    .data__ZZN6DeviceC1EvE5relay  main.o
    0x200001d4   0x0000000c   Data   RW          189    .data__ZZN6DeviceC1EvE7buttonC  main.o
    0x200001e0   0x0000000c   Data   RW          191    .data__ZZN6DeviceC1EvE7buttonL  main.o
    0x200001ec   0x0000000c   Data   RW          190    .data__ZZN6DeviceC1EvE7buttonR  main.o
    0x200001f8   0x0000000c   Data   RW          192    .data__ZZN6DeviceC1EvE7buttons  main.o
    0x20000204   0x00000004   Data   RW          154    .data__ZZN6DeviceC1EvE7menuAdj  main.o
    0x20000208   0x00000004   Data   RW          168    .data__ZZN6DeviceC1EvE7setupOn  main.o
    0x2000020c   0x00000004   Data   RW          152    .data__ZZN6DeviceC1EvE8menuAdjK  main.o
    0x20000210   0x00000004   Data   RW          166    .data__ZZN6DeviceC1EvE8setupOff  main.o
    0x20000214   0x00000070   Zero   RW          476    .bss                device.o
    0x20000284   0x00000080   Zero   RW         1038    .bss                relay.o
    0x20000304   0x00000060   Zero   RW         3509    .bss                c_p.l(libspace.o)
    0x20000364   0x00000010   Zero   RW          835    .bss__ZZN5Relay11getActivityEvE11modeMessage  device.o
    0x20000374   0x00000020   Zero   RW          149    .bss__ZZN6DeviceC1EvE10menuAdjRet  main.o
    0x20000394   0x00000020   Zero   RW          157    .bss__ZZN6DeviceC1EvE10setupClock  main.o
    0x200003b4   0x00000020   Zero   RW          161    .bss__ZZN6DeviceC1EvE10setupOvBot  main.o
    0x200003d4   0x00000020   Zero   RW          159    .bss__ZZN6DeviceC1EvE10setupOvRet  main.o
    0x200003f4   0x00000020   Zero   RW          163    .bss__ZZN6DeviceC1EvE10setupOvTop  main.o
    0x20000414   0x00000020   Zero   RW          151    .bss__ZZN6DeviceC1EvE13menuAdjOffset  main.o
    0x20000434   0x00000020   Zero   RW          165    .bss__ZZN6DeviceC1EvE13setupOffOnRet  main.o
    0x20000454   0x00000020   Zero   RW          171    .bss__ZZN6DeviceC1EvE16menuInvertOutput  main.o
    0x20000474   0x00000020   Zero   RW          173    .bss__ZZN6DeviceC1EvE17mainPresetChooser  main.o
    0x20000494   0x00000010   Zero   RW          187    .bss__ZZN6DeviceC1EvE3kpd  main.o
    0x200004a4   0x00000020   Zero   RW          185    .bss__ZZN6DeviceC1EvE4head  main.o
    0x200004c4   0x00000020   Zero   RW          183    .bss__ZZN6DeviceC1EvE5main0  main.o
    0x200004e4   0x00000020   Zero   RW          181    .bss__ZZN6DeviceC1EvE5main1  main.o
    0x20000504   0x00000020   Zero   RW          179    .bss__ZZN6DeviceC1EvE5main2  main.o
    0x20000524   0x00000020   Zero   RW          177    .bss__ZZN6DeviceC1EvE5main3  main.o
    0x20000544   0x00000020   Zero   RW          175    .bss__ZZN6DeviceC1EvE5main4  main.o
    0x20000564   0x00000020   Zero   RW          155    .bss__ZZN6DeviceC1EvE7menuAdj  main.o
    0x20000584   0x00000020   Zero   RW          169    .bss__ZZN6DeviceC1EvE7setupOn  main.o
    0x200005a4   0x00000020   Zero   RW          153    .bss__ZZN6DeviceC1EvE8menuAdjK  main.o
    0x200005c4   0x00000020   Zero   RW          167    .bss__ZZN6DeviceC1EvE8setupOff  main.o
    0x200005e4   0x00000004   PAD
    0x200005e8   0x00000200   Zero   RW         3102    HEAP                startup_stm32f030.o
    0x200007e8   0x00000400   Zero   RW         3101    STACK               startup_stm32f030.o


==============================================================================

Image component sizes


      Code (inc. data)   RO Data    RW Data    ZI Data      Debug   Object Name

       484          0          0          0          0       2958   clock.o
      5328        546        118         62        128      57867   device.o
       160          0          0          0          0       1634   dtostr.o
        74          0          0          0          0       2428   gpio_ex.o
       700         52          0          0          0       8743   init.o
      2942        416         72        152        624     229110   main.o
        72         22        147        296        128       8930   relay.o
       116         56        180          0       1536        636   startup_stm32f030.o
       266          8          0          0          0       6767   stm32f0xx_adc.o
       144          0          0          0          0       1392   stm32f0xx_gpio.o
        46          8          0          0          0       2269   stm32f0xx_it.o
       128         16          0          0          0       2691   stm32f0xx_rcc.o
       112          6          0          0          0       1228   stm32f0xx_syscfg.o
       320         66          0          0          0       5623   stm32f0xx_tim.o
       340         24          0         20          0       1709   system_stm32f0xx_1.o

    ----------------------------------------------------------------------
     11248       1220        551        532       2420     333985   Object Totals
         0          0         32          0          0          0   (incl. Generated)
        16          0          2          2          4          0   (incl. Padding)

    ----------------------------------------------------------------------

      Code (inc. data)   RO Data    RW Data    ZI Data      Debug   Library Member Name

        86          0          0          0          0          0   __dczerorl2.o
         8          0          0          0          0         68   __main.o
         0          0          0          0          0          0   __rtentry.o
        12          0          0          0          0          0   __rtentry2.o
         6          0          0          0          0          0   __rtentry4.o
        60          8          0          0          0          0   __scatter.o
        28          0          0          0          0          0   __scatter_zi.o
        18          0          0          0          0         68   aeabi_memset.o
       346          0          0          0          0         92   aeabi_sdiv.o
        12          0          0          0          0         64   exit.o
         6          0          0          0          0        136   heapauxi.o
         0          0          0          0          0          0   indicate_semi.o
        36         10          0          0          0         72   init_aeabi.o
         2          0          0          0          0          0   libinit.o
         6          0          0          0          0          0   libinit2.o
         2          0          0          0          0          0   libshutdown.o
         2          0          0          0          0          0   libshutdown2.o
         8          4          0          0         96         68   libspace.o
        64          0          0          0          0        108   rt_memclr.o
       186          0          0          0          0        144   rt_memcpy.o
         2          0          0          0          0          0   rtexit.o
        10          0          0          0          0          0   rtexit2.o
        68          6          0          0          0         72   strlen.o
        12          4          0          0          0         60   sys_exit.o
        62          0          0          0          0         80   sys_stackheap_outer.o
         2          0          0          0          0         68   use_no_semi.o
        18          0          0          0          0         60   cxa_guard_acquire.o
        48          4          0          0          0         60   cmpret.o
       124          4          0          0          0         72   d2f.o
       856         20          0          0          0        208   daddsub.o
       584         26          0          0          0         84   dmul.o
        84          4          0          0          0         60   f2d.o
       348          8          0          0          0        160   faddsub.o
       100          4          0          0          0         68   fcmpin.o
       352         10         64          0          0         92   fdiv.o
        76          0          0          0          0         68   ffixi.o
        94          0          0          0          0         92   fflti.o
        84          4          0          0          0         76   flef.o
       176          4          0          0          0         80   fmul.o
        16          6          0          0          0         68   fnan2.o
        88          4          0          0          0         76   frlef.o
        94          0          0          0          0         68   retnan.o
         0          0          0          0          0          0   usenofp.o

    ----------------------------------------------------------------------
      4192        130         65          0         96       2492   Library Totals
         6          0          1          0          0          0   (incl. Padding)

    ----------------------------------------------------------------------

      Code (inc. data)   RO Data    RW Data    ZI Data      Debug   Library Name

      1044         32          0          0         96       1100   c_p.l
        18          0          0          0          0         60   cpprt_p.l
      3124         98         64          0          0       1332   fz_ps.l

    ----------------------------------------------------------------------
      4192        130         65          0         96       2492   Library Totals

    ----------------------------------------------------------------------

==============================================================================


      Code (inc. data)   RO Data    RW Data    ZI Data      Debug   

     15440       1350        616        532       2516     329909   Grand Totals
     15440       1350        616        160       2516     329909   ELF Image Totals (compressed)
     15440       1350        616        160          0          0   ROM Totals

==============================================================================

    Total RO  Size (Code + RO Data)                16056 (  15.68kB)
    Total RW  Size (RW Data + ZI Data)              3048 (   2.98kB)
    Total ROM Size (Code + RO Data + RW Data)      16216 (  15.84kB)

==============================================================================

